Archive member included to satisfy reference by file (symbol)

/usr/lib/gcc/arm-none-eabi/7.3.1/thumb/v6-m/libgcc.a(_dvmd_tls.o)
                              CMakeFiles/RelayTwoChannel.dir/home/pi/pico/pico-sdk/src/rp2_common/pico_divider/divider.S.obj (__aeabi_idiv0)
/usr/lib/gcc/arm-none-eabi/7.3.1/../../../arm-none-eabi/lib/thumb/v6-m/libg.a(lib_a-atexit.o)
                              /usr/lib/gcc/arm-none-eabi/7.3.1/../../../arm-none-eabi/lib/thumb/v6-m/crt0.o (atexit)
/usr/lib/gcc/arm-none-eabi/7.3.1/../../../arm-none-eabi/lib/thumb/v6-m/libg.a(lib_a-calloc.o)
                              CMakeFiles/RelayTwoChannel.dir/home/pi/pico/pico-sdk/src/rp2_common/pico_malloc/pico_malloc.c.obj (calloc)
/usr/lib/gcc/arm-none-eabi/7.3.1/../../../arm-none-eabi/lib/thumb/v6-m/libg.a(lib_a-callocr.o)
                              /usr/lib/gcc/arm-none-eabi/7.3.1/../../../arm-none-eabi/lib/thumb/v6-m/libg.a(lib_a-calloc.o) (_calloc_r)
/usr/lib/gcc/arm-none-eabi/7.3.1/../../../arm-none-eabi/lib/thumb/v6-m/libg.a(lib_a-fini.o)
                              /usr/lib/gcc/arm-none-eabi/7.3.1/../../../arm-none-eabi/lib/thumb/v6-m/crt0.o (__libc_fini_array)
/usr/lib/gcc/arm-none-eabi/7.3.1/../../../arm-none-eabi/lib/thumb/v6-m/libg.a(lib_a-impure.o)
                              /usr/lib/gcc/arm-none-eabi/7.3.1/../../../arm-none-eabi/lib/thumb/v6-m/libg.a(lib_a-calloc.o) (_impure_ptr)
/usr/lib/gcc/arm-none-eabi/7.3.1/../../../arm-none-eabi/lib/thumb/v6-m/libg.a(lib_a-init.o)
                              /usr/lib/gcc/arm-none-eabi/7.3.1/../../../arm-none-eabi/lib/thumb/v6-m/crt0.o (__libc_init_array)
/usr/lib/gcc/arm-none-eabi/7.3.1/../../../arm-none-eabi/lib/thumb/v6-m/libg.a(lib_a-malloc.o)
                              CMakeFiles/RelayTwoChannel.dir/home/pi/pico/pico-sdk/src/rp2_common/pico_malloc/pico_malloc.c.obj (malloc)
/usr/lib/gcc/arm-none-eabi/7.3.1/../../../arm-none-eabi/lib/thumb/v6-m/libg.a(lib_a-mallocr.o)
                              /usr/lib/gcc/arm-none-eabi/7.3.1/../../../arm-none-eabi/lib/thumb/v6-m/libg.a(lib_a-callocr.o) (_malloc_r)
/usr/lib/gcc/arm-none-eabi/7.3.1/../../../arm-none-eabi/lib/thumb/v6-m/libg.a(lib_a-mlock.o)
                              /usr/lib/gcc/arm-none-eabi/7.3.1/../../../arm-none-eabi/lib/thumb/v6-m/libg.a(lib_a-mallocr.o) (__malloc_lock)
/usr/lib/gcc/arm-none-eabi/7.3.1/../../../arm-none-eabi/lib/thumb/v6-m/libg.a(lib_a-sbrkr.o)
                              /usr/lib/gcc/arm-none-eabi/7.3.1/../../../arm-none-eabi/lib/thumb/v6-m/libg.a(lib_a-mallocr.o) (_sbrk_r)
/usr/lib/gcc/arm-none-eabi/7.3.1/../../../arm-none-eabi/lib/thumb/v6-m/libg.a(lib_a-strlen-stub.o)
                              CMakeFiles/RelayTwoChannel.dir/home/pi/pico/pico-sdk/src/rp2_common/pico_stdio/stdio.c.obj (strlen)
/usr/lib/gcc/arm-none-eabi/7.3.1/../../../arm-none-eabi/lib/thumb/v6-m/libg.a(lib_a-__atexit.o)
                              /usr/lib/gcc/arm-none-eabi/7.3.1/../../../arm-none-eabi/lib/thumb/v6-m/libg.a(lib_a-atexit.o) (__register_exitproc)
/usr/lib/gcc/arm-none-eabi/7.3.1/../../../arm-none-eabi/lib/thumb/v6-m/libg.a(lib_a-freer.o)
                              /usr/lib/gcc/arm-none-eabi/7.3.1/../../../arm-none-eabi/lib/thumb/v6-m/libg.a(lib_a-malloc.o) (_free_r)
/usr/lib/gcc/arm-none-eabi/7.3.1/../../../arm-none-eabi/lib/thumb/v6-m/libg.a(lib_a-reent.o)
                              /usr/lib/gcc/arm-none-eabi/7.3.1/../../../arm-none-eabi/lib/thumb/v6-m/libg.a(lib_a-sbrkr.o) (errno)

Allocating common symbols
Common symbol       size              file

sf_table            0x100             CMakeFiles/RelayTwoChannel.dir/home/pi/pico/pico-sdk/src/rp2_common/pico_float/float_init_rom.c.obj
errno               0x4               /usr/lib/gcc/arm-none-eabi/7.3.1/../../../arm-none-eabi/lib/thumb/v6-m/libg.a(lib_a-reent.o)
sf_clz_func         0x4               CMakeFiles/RelayTwoChannel.dir/home/pi/pico/pico-sdk/src/rp2_common/pico_float/float_init_rom.c.obj
sd_table            0x100             CMakeFiles/RelayTwoChannel.dir/home/pi/pico/pico-sdk/src/rp2_common/pico_double/double_init_rom.c.obj
uart_char_to_line_feed
                    0x4               CMakeFiles/RelayTwoChannel.dir/home/pi/pico/pico-sdk/src/rp2_common/hardware_uart/uart.c.obj

Discarded input sections

 .text          0x00000000        0x0 /usr/lib/gcc/arm-none-eabi/7.3.1/thumb/v6-m/crti.o
 .data          0x00000000        0x0 /usr/lib/gcc/arm-none-eabi/7.3.1/thumb/v6-m/crti.o
 .bss           0x00000000        0x0 /usr/lib/gcc/arm-none-eabi/7.3.1/thumb/v6-m/crti.o
 .data          0x00000000        0x4 /usr/lib/gcc/arm-none-eabi/7.3.1/thumb/v6-m/crtbegin.o
 .fini_array    0x00000000        0x4 /usr/lib/gcc/arm-none-eabi/7.3.1/thumb/v6-m/crtbegin.o
 .text          0x00000000       0x6c /usr/lib/gcc/arm-none-eabi/7.3.1/../../../arm-none-eabi/lib/thumb/v6-m/crt0.o
 .data          0x00000000        0x0 /usr/lib/gcc/arm-none-eabi/7.3.1/../../../arm-none-eabi/lib/thumb/v6-m/crt0.o
[...]
Memory Configuration

Name             Origin             Length             Attributes
FLASH            0x10000000         0x00200000         xr
RAM              0x20000000         0x00040000         xrw
SCRATCH_X        0x20040000         0x00001000         xrw
SCRATCH_Y        0x20041000         0x00001000         xrw
*default*        0x00000000         0xffffffff

Linker script and memory map

LOAD /usr/lib/gcc/arm-none-eabi/7.3.1/thumb/v6-m/crti.o
LOAD /usr/lib/gcc/arm-none-eabi/7.3.1/thumb/v6-m/crtbegin.o
LOAD /usr/lib/gcc/arm-none-eabi/7.3.1/../../../arm-none-eabi/lib/thumb/v6-m/crt0.o

.flash_begin    0x10000000        0x0
                0x10000000                __flash_binary_start = .

.boot2          0x10000000      0x100
                0x10000000                __boot2_start__ = .
 *(.boot2)
 .boot2         0x10000000      0x100 /tmp/ccCFfZDX.o
                0x10000100                __boot2_end__ = .
                0x00000001                ASSERT (((__boot2_end__ - __boot2_start__) == 0x100), ERROR: Pico second stage bootloader must be 256 bytes in size)

.text           0x10000100     0x42e0
                0x10000100                __logical_binary_start = .
 *(.vectors)
 .vectors       0x10000100       0xd4 CMakeFiles/RelayTwoChannel.dir/home/pi/pico/pico-sdk/src/rp2_common/pico_standard_link/crt0.S.obj
                0x10000100                __vectors
                0x10000100                __VECTOR_TABLE
                0x100001c0                isr_invalid
                0x100001c0                __default_isrs_start
                0x100001c2                isr_nmi
                0x100001c4                isr_hardfault
                0x100001c6                isr_svcall
                0x100001c8                isr_pendsv
                0x100001ca                isr_systick
                0x100001cc                isr_irq30
                0x100001cc                __unhandled_user_irq
                0x100001cc                isr_irq13
                0x100001cc                isr_irq27
                0x100001cc                isr_irq31
                0x100001cc                isr_irq5
                0x100001cc                isr_irq11
                0x100001cc                isr_irq23
                0x100001cc                isr_irq18
                0x100001cc                isr_irq28
                0x100001cc                isr_irq19
                0x100001cc                isr_irq0
                0x100001cc                isr_irq6
                0x100001cc                isr_irq22
                0x100001cc                isr_irq17
                0x100001cc                isr_irq14
                0x100001cc                isr_irq2
                0x100001cc                isr_irq10
                0x100001cc                isr_irq8
                0x100001cc                isr_irq24
                0x100001cc                isr_irq1
                0x100001cc                isr_irq7
                0x100001cc                isr_irq21
                0x100001cc                isr_irq20
                0x100001cc                isr_irq15
                0x100001cc                isr_irq25
                0x100001cc                isr_irq4
                0x100001cc                isr_irq16
                0x100001cc                isr_irq29
                0x100001cc                isr_irq26
                0x100001cc                __default_isrs_end
                0x100001cc                isr_irq3
                0x100001cc                isr_irq12
                0x100001cc                isr_irq9
                0x100001d2                unhandled_user_irq_num_in_r0
 *(.binary_info_header)
 .binary_info_header
                0x100001d4       0x14 CMakeFiles/RelayTwoChannel.dir/home/pi/pico/pico-sdk/src/rp2_common/pico_standard_link/crt0.S.obj
                0x100001e8                __binary_info_header_end = .
 *(.reset)
 .reset         0x100001e8       0xa8 CMakeFiles/RelayTwoChannel.dir/home/pi/pico/pico-sdk/src/rp2_common/pico_standard_link/crt0.S.obj
                0x100001e8                _entry_point
                0x10000266                __get_current_exception
 .reset         0x10000290       0x30 CMakeFiles/RelayTwoChannel.dir/home/pi/pico/pico-sdk/src/rp2_common/pico_standard_link/binary_info.c.obj
 *(.init)
 .init          0x100002c0        0x4 /usr/lib/gcc/arm-none-eabi/7.3.1/thumb/v6-m/crti.o
                0x100002c0                _init
 *(EXCLUDE_FILE(*libm.a: *libc.a:*lib_a-mem*.o *libgcc.a:) .text*)
 .text          0x100002c4       0x98 /usr/lib/gcc/arm-none-eabi/7.3.1/thumb/v6-m/crtbegin.o
 .text.main     0x1000035c       0x54 CMakeFiles/RelayTwoChannel.dir/RelayTwoChannel.c.obj
                0x1000035c                main
 .text.gpio_set_function
                0x100003b0       0x30 CMakeFiles/RelayTwoChannel.dir/home/pi/pico/pico-sdk/src/rp2_common/hardware_gpio/gpio.c.obj
                0x100003b0                gpio_set_function
 .text.gpio_init
                0x100003e0       0x16 CMakeFiles/RelayTwoChannel.dir/home/pi/pico/pico-sdk/src/rp2_common/hardware_gpio/gpio.c.obj
                0x100003e0                gpio_init
 *fill*         0x100003f6        0x2 
 .text.hw_claim_lock
                0x100003f8       0x18 CMakeFiles/RelayTwoChannel.dir/home/pi/pico/pico-sdk/src/rp2_common/hardware_claim/claim.c.obj
                0x100003f8                hw_claim_lock
 .text.hw_claim_unlock
                0x10000410       0x14 CMakeFiles/RelayTwoChannel.dir/home/pi/pico/pico-sdk/src/rp2_common/hardware_claim/claim.c.obj
                0x10000410                hw_claim_unlock
 .text.hw_claim_or_assert
                0x10000424       0x32 CMakeFiles/RelayTwoChannel.dir/home/pi/pico/pico-sdk/src/rp2_common/hardware_claim/claim.c.obj
                0x10000424                hw_claim_or_assert
 *fill*         0x10000456        0x2 
 .text.running_on_fpga
                0x10000458       0x14 CMakeFiles/RelayTwoChannel.dir/home/pi/pico/pico-sdk/src/rp2_common/pico_platform/platform.c.obj
                0x10000458                running_on_fpga
 .text.spin_locks_reset
                0x1000046c       0x20 CMakeFiles/RelayTwoChannel.dir/home/pi/pico/pico-sdk/src/rp2_common/hardware_sync/sync.c.obj
                0x1000046c                spin_locks_reset
 .text.next_striped_spin_lock_num
                0x1000048c       0x1c CMakeFiles/RelayTwoChannel.dir/home/pi/pico/pico-sdk/src/rp2_common/hardware_sync/sync.c.obj
                0x1000048c                next_striped_spin_lock_num
 .text.uart_set_baudrate
                0x100004a8       0x5c CMakeFiles/RelayTwoChannel.dir/home/pi/pico/pico-sdk/src/rp2_common/hardware_uart/uart.c.obj
                0x100004a8                uart_set_baudrate
 .text.uart_set_translate_crlf
                0x10000504       0x28 CMakeFiles/RelayTwoChannel.dir/home/pi/pico/pico-sdk/src/rp2_common/hardware_uart/uart.c.obj
                0x10000504                uart_set_translate_crlf
 .text.uart_init
                0x1000052c       0x84 CMakeFiles/RelayTwoChannel.dir/home/pi/pico/pico-sdk/src/rp2_common/hardware_uart/uart.c.obj
                0x1000052c                uart_init
 .text.alarm_pool_post_alloc_init
                0x100005b0       0x40 CMakeFiles/RelayTwoChannel.dir/home/pi/pico/pico-sdk/src/common/pico_time/time.c.obj
 .text.sleep_until_callback
                0x100005f0       0x30 CMakeFiles/RelayTwoChannel.dir/home/pi/pico/pico-sdk/src/common/pico_time/time.c.obj
 .text.timer_pool_entry_comparator
                0x10000620       0x7c CMakeFiles/RelayTwoChannel.dir/home/pi/pico/pico-sdk/src/common/pico_time/time.c.obj
                0x10000620                timer_pool_entry_comparator
 .text.ph_add_child_node
                0x1000069c       0xa4 CMakeFiles/RelayTwoChannel.dir/home/pi/pico/pico-sdk/src/common/pico_time/time.c.obj
 .text.ph_merge_nodes
                0x10000740       0x3a CMakeFiles/RelayTwoChannel.dir/home/pi/pico/pico-sdk/src/common/pico_time/time.c.obj
 *fill*         0x1000077a        0x2 
 .text.add_alarm_under_lock
                0x1000077c      0x180 CMakeFiles/RelayTwoChannel.dir/home/pi/pico/pico-sdk/src/common/pico_time/time.c.obj
 .text.alarm_pool_alarm_callback
                0x100008fc      0x344 CMakeFiles/RelayTwoChannel.dir/home/pi/pico/pico-sdk/src/common/pico_time/time.c.obj
 .text.alarm_pool_init_default
                0x10000c40       0x38 CMakeFiles/RelayTwoChannel.dir/home/pi/pico/pico-sdk/src/common/pico_time/time.c.obj
                0x10000c40                alarm_pool_init_default
 .text.alarm_pool_get_default
                0x10000c78       0x2c CMakeFiles/RelayTwoChannel.dir/home/pi/pico/pico-sdk/src/common/pico_time/time.c.obj
                0x10000c78                alarm_pool_get_default
 .text.alarm_pool_add_alarm_at
                0x10000ca4      0x168 CMakeFiles/RelayTwoChannel.dir/home/pi/pico/pico-sdk/src/common/pico_time/time.c.obj
                0x10000ca4                alarm_pool_add_alarm_at
 .text.sleep_until
                0x10000e0c       0xfc CMakeFiles/RelayTwoChannel.dir/home/pi/pico/pico-sdk/src/common/pico_time/time.c.obj
                0x10000e0c                sleep_until
 .text.sleep_us
                0x10000f08       0x54 CMakeFiles/RelayTwoChannel.dir/home/pi/pico/pico-sdk/src/common/pico_time/time.c.obj
                0x10000f08                sleep_us
 .text.sleep_ms
                0x10000f5c       0x14 CMakeFiles/RelayTwoChannel.dir/home/pi/pico/pico-sdk/src/common/pico_time/time.c.obj
                0x10000f5c                sleep_ms
 .text.hardware_alarm_irq_handler
                0x10000f70       0x8c CMakeFiles/RelayTwoChannel.dir/home/pi/pico/pico-sdk/src/rp2_common/hardware_timer/timer.c.obj
 .text.hardware_alarm_claim
                0x10000ffc       0x18 CMakeFiles/RelayTwoChannel.dir/home/pi/pico/pico-sdk/src/rp2_common/hardware_timer/timer.c.obj
                0x10000ffc                hardware_alarm_claim
 .text.time_us_64
                0x10001014       0x18 CMakeFiles/RelayTwoChannel.dir/home/pi/pico/pico-sdk/src/rp2_common/hardware_timer/timer.c.obj
                0x10001014                time_us_64
 .text.busy_wait_until
                0x1000102c       0x28 CMakeFiles/RelayTwoChannel.dir/home/pi/pico/pico-sdk/src/rp2_common/hardware_timer/timer.c.obj
                0x1000102c                busy_wait_until
 .text.hardware_alarm_set_callback
                0x10001054       0x90 CMakeFiles/RelayTwoChannel.dir/home/pi/pico/pico-sdk/src/rp2_common/hardware_timer/timer.c.obj
                0x10001054                hardware_alarm_set_callback
 .text.hardware_alarm_set_target
                0x100010e4       0xe8 CMakeFiles/RelayTwoChannel.dir/home/pi/pico/pico-sdk/src/rp2_common/hardware_timer/timer.c.obj
                0x100010e4                hardware_alarm_set_target
 .text.hardware_alarm_cancel
                0x100011cc       0x40 CMakeFiles/RelayTwoChannel.dir/home/pi/pico/pico-sdk/src/rp2_common/hardware_timer/timer.c.obj
                0x100011cc                hardware_alarm_cancel
 .text.lock_init
                0x1000120c       0x10 CMakeFiles/RelayTwoChannel.dir/home/pi/pico/pico-sdk/src/common/pico_sync/lock_core.c.obj
                0x1000120c                lock_init
 .text.mutex_init_internal
                0x1000121c       0x1e CMakeFiles/RelayTwoChannel.dir/home/pi/pico/pico-sdk/src/common/pico_sync/mutex.c.obj
 .text.mutex_init
                0x1000123a        0xa CMakeFiles/RelayTwoChannel.dir/home/pi/pico/pico-sdk/src/common/pico_sync/mutex.c.obj
                0x1000123a                mutex_init
 .text.recursive_mutex_init
                0x10001244        0xa CMakeFiles/RelayTwoChannel.dir/home/pi/pico/pico-sdk/src/common/pico_sync/mutex.c.obj
                0x10001244                recursive_mutex_init
 *fill*         0x1000124e        0x2 
 .text.ph_add_child_node
                0x10001250       0xa4 CMakeFiles/RelayTwoChannel.dir/home/pi/pico/pico-sdk/src/common/pico_util/pheap.c.obj
 .text.ph_merge_nodes
                0x100012f4       0x3a CMakeFiles/RelayTwoChannel.dir/home/pi/pico/pico-sdk/src/common/pico_util/pheap.c.obj
 *fill*         0x1000132e        0x2 
 .text.ph_clear
                0x10001330       0x70 CMakeFiles/RelayTwoChannel.dir/home/pi/pico/pico-sdk/src/common/pico_util/pheap.c.obj
                0x10001330                ph_clear
 .text.ph_post_alloc_init
                0x100013a0        0xe CMakeFiles/RelayTwoChannel.dir/home/pi/pico/pico-sdk/src/common/pico_util/pheap.c.obj
                0x100013a0                ph_post_alloc_init
 *fill*         0x100013ae        0x2 
 .text.ph_merge_two_pass
                0x100013b0       0xac CMakeFiles/RelayTwoChannel.dir/home/pi/pico/pico-sdk/src/common/pico_util/pheap.c.obj
                0x100013b0                ph_merge_two_pass
 .text.ph_remove_any_head
                0x1000145c      0x108 CMakeFiles/RelayTwoChannel.dir/home/pi/pico/pico-sdk/src/common/pico_util/pheap.c.obj
 .text.ph_remove_head
                0x10001564       0x14 CMakeFiles/RelayTwoChannel.dir/home/pi/pico/pico-sdk/src/common/pico_util/pheap.c.obj
                0x10001564                ph_remove_head
 .text.ph_remove_and_free_node
                0x10001578       0xf8 CMakeFiles/RelayTwoChannel.dir/home/pi/pico/pico-sdk/src/common/pico_util/pheap.c.obj
                0x10001578                ph_remove_and_free_node
 .text.runtime_init
                0x10001670       0xd8 CMakeFiles/RelayTwoChannel.dir/home/pi/pico/pico-sdk/src/rp2_common/pico_runtime/runtime.c.obj
                0x10001670                runtime_init
 .text._exit    0x10001748        0x4 CMakeFiles/RelayTwoChannel.dir/home/pi/pico/pico-sdk/src/rp2_common/pico_runtime/runtime.c.obj
                0x10001748                _exit
 .text.exit     0x1000174c        0x6 CMakeFiles/RelayTwoChannel.dir/home/pi/pico/pico-sdk/src/rp2_common/pico_runtime/runtime.c.obj
                0x1000174c                exit
 *fill*         0x10001752        0x2 
 .text.__assert_func
                0x10001754       0x3c CMakeFiles/RelayTwoChannel.dir/home/pi/pico/pico-sdk/src/rp2_common/pico_runtime/runtime.c.obj
                0x10001754                __assert_func
 .text.panic    0x10001790       0x30 CMakeFiles/RelayTwoChannel.dir/home/pi/pico/pico-sdk/src/rp2_common/pico_runtime/runtime.c.obj
                0x10001790                panic
 .text.clock_configure
                0x100017c0       0xfc CMakeFiles/RelayTwoChannel.dir/home/pi/pico/pico-sdk/src/rp2_common/hardware_clocks/clocks.c.obj
                0x100017c0                clock_configure
 .text.clocks_init
                0x100018bc      0x100 CMakeFiles/RelayTwoChannel.dir/home/pi/pico/pico-sdk/src/rp2_common/hardware_clocks/clocks.c.obj
                0x100018bc                clocks_init
 .text.clock_get_hz
                0x100019bc        0xc CMakeFiles/RelayTwoChannel.dir/home/pi/pico/pico-sdk/src/rp2_common/hardware_clocks/clocks.c.obj
                0x100019bc                clock_get_hz
 .text.set_raw_irq_handler_and_unlock
                0x100019c8       0x28 CMakeFiles/RelayTwoChannel.dir/home/pi/pico/pico-sdk/src/rp2_common/hardware_irq/irq.c.obj
 .text.make_branch
                0x100019f0       0x34 CMakeFiles/RelayTwoChannel.dir/home/pi/pico/pico-sdk/src/rp2_common/hardware_irq/irq.c.obj
 .text.insert_branch_and_link
                0x10001a24       0x40 CMakeFiles/RelayTwoChannel.dir/home/pi/pico/pico-sdk/src/rp2_common/hardware_irq/irq.c.obj
 .text.irq_is_enabled
                0x10001a64       0x18 CMakeFiles/RelayTwoChannel.dir/home/pi/pico/pico-sdk/src/rp2_common/hardware_irq/irq.c.obj
                0x10001a64                irq_is_enabled
 .text.irq_set_mask_enabled
                0x10001a7c       0x20 CMakeFiles/RelayTwoChannel.dir/home/pi/pico/pico-sdk/src/rp2_common/hardware_irq/irq.c.obj
                0x10001a7c                irq_set_mask_enabled
 .text.irq_set_enabled
                0x10001a9c        0xe CMakeFiles/RelayTwoChannel.dir/home/pi/pico/pico-sdk/src/rp2_common/hardware_irq/irq.c.obj
                0x10001a9c                irq_set_enabled
 *fill*         0x10001aaa        0x2 
 .text.irq_get_vtable_handler
                0x10001aac       0x10 CMakeFiles/RelayTwoChannel.dir/home/pi/pico/pico-sdk/src/rp2_common/hardware_irq/irq.c.obj
                0x10001aac                irq_get_vtable_handler
 .text.irq_set_exclusive_handler
                0x10001abc       0x54 CMakeFiles/RelayTwoChannel.dir/home/pi/pico/pico-sdk/src/rp2_common/hardware_irq/irq.c.obj
                0x10001abc                irq_set_exclusive_handler
 .text.irq_remove_handler
                0x10001b10      0x1b4 CMakeFiles/RelayTwoChannel.dir/home/pi/pico/pico-sdk/src/rp2_common/hardware_irq/irq.c.obj
                0x10001b10                irq_remove_handler
 .text.irq_set_priority
                0x10001cc4       0x28 CMakeFiles/RelayTwoChannel.dir/home/pi/pico/pico-sdk/src/rp2_common/hardware_irq/irq.c.obj
                0x10001cc4                irq_set_priority
 .text.irq_add_tail_to_free_list
                0x10001cec       0xf0 CMakeFiles/RelayTwoChannel.dir/home/pi/pico/pico-sdk/src/rp2_common/hardware_irq/irq.c.obj
                0x10001cec                irq_add_tail_to_free_list
 .text.irq_init_priorities
                0x10001ddc       0x16 CMakeFiles/RelayTwoChannel.dir/home/pi/pico/pico-sdk/src/rp2_common/hardware_irq/irq.c.obj
                0x10001ddc                irq_init_priorities
 *fill*         0x10001df2        0x2 
 .text.pll_init
                0x10001df4      0x118 CMakeFiles/RelayTwoChannel.dir/home/pi/pico/pico-sdk/src/rp2_common/hardware_pll/pll.c.obj
                0x10001df4                pll_init
 .text.watchdog_start_tick
                0x10001f0c       0x10 CMakeFiles/RelayTwoChannel.dir/home/pi/pico/pico-sdk/src/rp2_common/hardware_watchdog/watchdog.c.obj
                0x10001f0c                watchdog_start_tick
 .text.xosc_init
                0x10001f1c       0x28 CMakeFiles/RelayTwoChannel.dir/home/pi/pico/pico-sdk/src/rp2_common/hardware_xosc/xosc.c.obj
                0x10001f1c                xosc_init
 .text._out_null
                0x10001f44        0x2 CMakeFiles/RelayTwoChannel.dir/home/pi/pico/pico-sdk/src/rp2_common/pico_printf/printf.c.obj
 .text._out_fct
                0x10001f46        0xe CMakeFiles/RelayTwoChannel.dir/home/pi/pico/pico-sdk/src/rp2_common/pico_printf/printf.c.obj
 .text._atoi    0x10001f54       0x24 CMakeFiles/RelayTwoChannel.dir/home/pi/pico/pico-sdk/src/rp2_common/pico_printf/printf.c.obj
 .text._out_rev
                0x10001f78       0x8c CMakeFiles/RelayTwoChannel.dir/home/pi/pico/pico-sdk/src/rp2_common/pico_printf/printf.c.obj
 .text._ntoa_format
                0x10002004      0x112 CMakeFiles/RelayTwoChannel.dir/home/pi/pico/pico-sdk/src/rp2_common/pico_printf/printf.c.obj
 .text._ntoa_long
                0x10002116       0x9e CMakeFiles/RelayTwoChannel.dir/home/pi/pico/pico-sdk/src/rp2_common/pico_printf/printf.c.obj
 .text._ntoa_long_long
                0x100021b4       0xe2 CMakeFiles/RelayTwoChannel.dir/home/pi/pico/pico-sdk/src/rp2_common/pico_printf/printf.c.obj
 *fill*         0x10002296        0x2 
 .text._etoa    0x10002298      0x424 CMakeFiles/RelayTwoChannel.dir/home/pi/pico/pico-sdk/src/rp2_common/pico_printf/printf.c.obj
 .text._ftoa    0x100026bc      0x340 CMakeFiles/RelayTwoChannel.dir/home/pi/pico/pico-sdk/src/rp2_common/pico_printf/printf.c.obj
 .text._vsnprintf
                0x100029fc      0x640 CMakeFiles/RelayTwoChannel.dir/home/pi/pico/pico-sdk/src/rp2_common/pico_printf/printf.c.obj
 .text.vfctprintf
                0x1000303c       0x20 CMakeFiles/RelayTwoChannel.dir/home/pi/pico/pico-sdk/src/rp2_common/pico_printf/printf.c.obj
                0x1000303c                vfctprintf
 .text          0x1000305c       0x10 CMakeFiles/RelayTwoChannel.dir/home/pi/pico/pico-sdk/src/rp2_common/pico_bit_ops/bit_ops_aeabi.S.obj
 .text.rom_func_lookup
                0x1000306c       0x10 CMakeFiles/RelayTwoChannel.dir/home/pi/pico/pico-sdk/src/rp2_common/pico_bootrom/bootrom.c.obj
                0x1000306c                rom_func_lookup
 .text.rom_data_lookup
                0x1000307c       0x10 CMakeFiles/RelayTwoChannel.dir/home/pi/pico/pico-sdk/src/rp2_common/pico_bootrom/bootrom.c.obj
                0x1000307c                rom_data_lookup
 .text.rom_funcs_lookup
                0x1000308c       0x36 CMakeFiles/RelayTwoChannel.dir/home/pi/pico/pico-sdk/src/rp2_common/pico_bootrom/bootrom.c.obj
                0x1000308c                rom_funcs_lookup
 *fill*         0x100030c2        0x2 
 .text.__wrap___aeabi_idiv
                0x100030c4       0x50 CMakeFiles/RelayTwoChannel.dir/home/pi/pico/pico-sdk/src/rp2_common/pico_divider/divider.S.obj
                0x100030c4                __wrap___aeabi_idivmod
                0x100030c4                divmod_s32s32
                0x100030c4                div_s32s32
                0x100030c4                __wrap___aeabi_idiv
                0x100030cc                divmod_s32s32_unsafe
                0x100030f8                divmod_s32s32_savestate
 .text.__wrap___aeabi_uidiv
                0x10003114       0x4c CMakeFiles/RelayTwoChannel.dir/home/pi/pico/pico-sdk/src/rp2_common/pico_divider/divider.S.obj
                0x10003114                __wrap___aeabi_uidiv
                0x10003114                __wrap___aeabi_uidivmod
                0x10003114                div_u32u32
                0x10003114                divmod_u32u32
                0x1000311c                divmod_u32u32_unsafe
                0x10003144                divmod_u32u32_savestate
 .text.__wrap___aeabi_ldiv
                0x10003160      0x430 CMakeFiles/RelayTwoChannel.dir/home/pi/pico/pico-sdk/src/rp2_common/pico_divider/divider.S.obj
                0x10003160                div_s64s64
                0x10003160                divmod_s64s64
                0x10003160                __wrap___aeabi_ldivmod
                0x10003198                div_u64u64
                0x10003198                divmod_u64u64
                0x10003198                __wrap___aeabi_uldivmod
                0x100031a8                divmod_u64u64_savestate
                0x100031d0                divmod_s64s64_unsafe
                0x10003258                divmod_u64u64_unsafe
 .text.__wrap___aeabi_darithmetic
                0x10003590       0x80 CMakeFiles/RelayTwoChannel.dir/home/pi/pico/pico-sdk/src/rp2_common/pico_double/double_aeabi.S.obj
                0x10003590                __wrap___aeabi_drsub
                0x10003596                __wrap___aeabi_dsub
                0x100035a8                __wrap___aeabi_dadd
                0x100035ba                __wrap___aeabi_ddiv
                0x100035f6                __wrap___aeabi_dmul
 .text.__wrap___aeabi_cdcmple
                0x10003610       0x6c CMakeFiles/RelayTwoChannel.dir/home/pi/pico/pico-sdk/src/rp2_common/pico_double/double_aeabi.S.obj
                0x10003610                __wrap___aeabi_cdrcmple
                0x10003620                __wrap___aeabi_cdcmple
                0x10003620                __wrap___aeabi_cdcmpeq
 .text.__wrap___aeabi_dcmplt
                0x1000367c        0xc CMakeFiles/RelayTwoChannel.dir/home/pi/pico/pico-sdk/src/rp2_common/pico_double/double_aeabi.S.obj
                0x1000367c                __wrap___aeabi_dcmplt
 .text.__wrap___aeabi_dcmple
                0x10003688       0x10 CMakeFiles/RelayTwoChannel.dir/home/pi/pico/pico-sdk/src/rp2_common/pico_double/double_aeabi.S.obj
                0x10003688                __wrap___aeabi_dcmple
 .text.__wrap___aeabi_dcmpge
                0x10003698       0x10 CMakeFiles/RelayTwoChannel.dir/home/pi/pico/pico-sdk/src/rp2_common/pico_double/double_aeabi.S.obj
                0x10003698                __wrap___aeabi_dcmpge
 .text.__wrap___aeabi_dcmpgt
                0x100036a8        0xa CMakeFiles/RelayTwoChannel.dir/home/pi/pico/pico-sdk/src/rp2_common/pico_double/double_aeabi.S.obj
                0x100036a8                __wrap___aeabi_dcmpgt
 .text.__wrap___aeabi_dcmpun
                0x100036b2       0x1c CMakeFiles/RelayTwoChannel.dir/home/pi/pico/pico-sdk/src/rp2_common/pico_double/double_aeabi.S.obj
                0x100036b2                __wrap___aeabi_dcmpun
 *fill*         0x100036ce        0x2 
 .text.__wrap___aeabi_i2d
                0x100036d0       0x38 CMakeFiles/RelayTwoChannel.dir/home/pi/pico/pico-sdk/src/rp2_common/pico_double/double_aeabi.S.obj
                0x100036d0                __wrap___aeabi_ui2d
                0x100036d8                __wrap___aeabi_i2d
 .text.__wrap___aeabi_d2iz
                0x10003708       0x48 CMakeFiles/RelayTwoChannel.dir/home/pi/pico/pico-sdk/src/rp2_common/pico_double/double_aeabi.S.obj
                0x10003708                __wrap___aeabi_d2iz
                0x10003708                double2int_z
 .text.__wrap___aeabi_d2uiz
                0x10003750       0x18 CMakeFiles/RelayTwoChannel.dir/home/pi/pico/pico-sdk/src/rp2_common/pico_double/double_aeabi.S.obj
                0x10003750                double2uint
                0x10003750                __wrap___aeabi_d2uiz
 .text.__aeabi_double_init
                0x10003768       0xb8 CMakeFiles/RelayTwoChannel.dir/home/pi/pico/pico-sdk/src/rp2_common/pico_double/double_init_rom.c.obj
                0x10003768                __aeabi_double_init
 .text.double_table_shim_on_use_helper
                0x10003820       0x34 CMakeFiles/RelayTwoChannel.dir/home/pi/pico/pico-sdk/src/rp2_common/pico_double/double_v1_rom_shim.S.obj
                0x10003820                double_table_shim_on_use_helper
 .text.__wrap___aeabi_dsub
                0x10003854       0x10 CMakeFiles/RelayTwoChannel.dir/home/pi/pico/pico-sdk/src/rp2_common/pico_double/double_v1_rom_shim.S.obj
                0x10003854                drsub_shim
                0x1000385a                dsub_shim
 .text.dadd_shim
                0x10003864      0x15c CMakeFiles/RelayTwoChannel.dir/home/pi/pico/pico-sdk/src/rp2_common/pico_double/double_v1_rom_shim.S.obj
                0x10003864                dadd_shim
 .text.dmul_shim
                0x100039c0      0x15c CMakeFiles/RelayTwoChannel.dir/home/pi/pico/pico-sdk/src/rp2_common/pico_double/double_v1_rom_shim.S.obj
                0x100039c0                dmul_shim
 .text.ddiv_shim
                0x10003b1c      0x1b0 CMakeFiles/RelayTwoChannel.dir/home/pi/pico/pico-sdk/src/rp2_common/pico_double/double_v1_rom_shim.S.obj
                0x10003b1c                ddiv_shim
 .text.dcordic_rot_step
                0x10003ccc       0x7c CMakeFiles/RelayTwoChannel.dir/home/pi/pico/pico-sdk/src/rp2_common/pico_double/double_v1_rom_shim.S.obj
                0x10003ccc                dcordic_rot_step
 .text.double2uint_shim
                0x10003d48        0xe CMakeFiles/RelayTwoChannel.dir/home/pi/pico/pico-sdk/src/rp2_common/pico_double/double_v1_rom_shim.S.obj
                0x10003d48                double2uint_shim
                0x10003d4a                double2ufix_shim
 *fill*         0x10003d56        0x2 
 .text.double2uint64_shim
                0x10003d58       0x6c CMakeFiles/RelayTwoChannel.dir/home/pi/pico/pico-sdk/src/rp2_common/pico_double/double_v1_rom_shim.S.obj
                0x10003d58                double2uint64_shim
                0x10003d5a                double2ufix64_shim
                0x10003d74                d2fix_a
 .text.dunpacks
                0x10003dc4       0x3c CMakeFiles/RelayTwoChannel.dir/home/pi/pico/pico-sdk/src/rp2_common/pico_double/double_v1_rom_shim.S.obj
                0x10003dc4                dunpacks
 .text.__aeabi_lmul
                0x10003e00       0x32 CMakeFiles/RelayTwoChannel.dir/home/pi/pico/pico-sdk/src/rp2_common/pico_int64_ops/pico_int64_ops_aeabi.S.obj
                0x10003e00                __wrap___aeabi_lmul
 *fill*         0x10003e32        0x2 
 .text.__aeabi_float_init
                0x10003e34       0xfc CMakeFiles/RelayTwoChannel.dir/home/pi/pico/pico-sdk/src/rp2_common/pico_float/float_init_rom.c.obj
                0x10003e34                __aeabi_float_init
 .text.float_table_shim_on_use_helper
                0x10003f30       0x34 CMakeFiles/RelayTwoChannel.dir/home/pi/pico/pico-sdk/src/rp2_common/pico_float/float_v1_rom_shim.S.obj
                0x10003f30                float_table_shim_on_use_helper
 .text          0x10003f64       0x10 CMakeFiles/RelayTwoChannel.dir/home/pi/pico/pico-sdk/src/rp2_common/pico_mem_ops/mem_ops_aeabi.S.obj
                0x10003f64                __aeabi_mem_init
 .text.memset   0x10003f74        0xc CMakeFiles/RelayTwoChannel.dir/home/pi/pico/pico-sdk/src/rp2_common/pico_mem_ops/mem_ops_aeabi.S.obj
                0x10003f74                __wrap_memset
 .text.memcpy   0x10003f80        0xc CMakeFiles/RelayTwoChannel.dir/home/pi/pico/pico-sdk/src/rp2_common/pico_mem_ops/mem_ops_aeabi.S.obj
                0x10003f80                __wrap___aeabi_memcpy
                0x10003f80                __wrap_memcpy
 .text.stdio_out_chars_crlf
                0x10003f8c       0x80 CMakeFiles/RelayTwoChannel.dir/home/pi/pico/pico-sdk/src/rp2_common/pico_stdio/stdio.c.obj
 .text.stdio_stack_buffer_flush
                0x1000400c       0x44 CMakeFiles/RelayTwoChannel.dir/home/pi/pico/pico-sdk/src/rp2_common/pico_stdio/stdio.c.obj
 .text.stdio_buffered_printer
                0x10004050       0x20 CMakeFiles/RelayTwoChannel.dir/home/pi/pico/pico-sdk/src/rp2_common/pico_stdio/stdio.c.obj
 .text.stdout_serialize_begin
                0x10004070       0x30 CMakeFiles/RelayTwoChannel.dir/home/pi/pico/pico-sdk/src/rp2_common/pico_stdio/stdio.c.obj
                0x10004070                stdout_serialize_begin
 .text.stdout_serialize_end
                0x100040a0       0x10 CMakeFiles/RelayTwoChannel.dir/home/pi/pico/pico-sdk/src/rp2_common/pico_stdio/stdio.c.obj
                0x100040a0                stdout_serialize_end
 .text.stdio_put_string
                0x100040b0       0x78 CMakeFiles/RelayTwoChannel.dir/home/pi/pico/pico-sdk/src/rp2_common/pico_stdio/stdio.c.obj
 .text.stdio_set_driver_enabled
                0x10004128       0x38 CMakeFiles/RelayTwoChannel.dir/home/pi/pico/pico-sdk/src/rp2_common/pico_stdio/stdio.c.obj
                0x10004128                stdio_set_driver_enabled
 .text.stdio_flush
                0x10004160       0x20 CMakeFiles/RelayTwoChannel.dir/home/pi/pico/pico-sdk/src/rp2_common/pico_stdio/stdio.c.obj
                0x10004160                stdio_flush
 .text.__wrap_puts
                0x10004180       0x1c CMakeFiles/RelayTwoChannel.dir/home/pi/pico/pico-sdk/src/rp2_common/pico_stdio/stdio.c.obj
                0x10004180                __wrap_puts
 .text.__wrap_vprintf
                0x1000419c       0x44 CMakeFiles/RelayTwoChannel.dir/home/pi/pico/pico-sdk/src/rp2_common/pico_stdio/stdio.c.obj
                0x1000419c                __wrap_vprintf
 .text.__wrap_printf
                0x100041e0       0x18 CMakeFiles/RelayTwoChannel.dir/home/pi/pico/pico-sdk/src/rp2_common/pico_stdio/stdio.c.obj
                0x100041e0                __wrap_printf
 .text.stdio_init_all
                0x100041f8        0x8 CMakeFiles/RelayTwoChannel.dir/home/pi/pico/pico-sdk/src/rp2_common/pico_stdio/stdio.c.obj
                0x100041f8                stdio_init_all
 .text.stdio_uart_out_chars
                0x10004200       0x70 CMakeFiles/RelayTwoChannel.dir/home/pi/pico/pico-sdk/src/rp2_common/pico_stdio_uart/stdio_uart.c.obj
 .text.stdio_uart_in_chars
                0x10004270       0x50 CMakeFiles/RelayTwoChannel.dir/home/pi/pico/pico-sdk/src/rp2_common/pico_stdio_uart/stdio_uart.c.obj
                0x10004270                stdio_uart_in_chars
 .text.stdio_uart_init_full
                0x100042c0       0x3c CMakeFiles/RelayTwoChannel.dir/home/pi/pico/pico-sdk/src/rp2_common/pico_stdio_uart/stdio_uart.c.obj
                0x100042c0                stdio_uart_init_full
 .text.stdio_uart_init
                0x100042fc       0x28 CMakeFiles/RelayTwoChannel.dir/home/pi/pico/pico-sdk/src/rp2_common/pico_stdio_uart/stdio_uart.c.obj
                0x100042fc                stdio_uart_init
 .text          0x10004324       0x64 /usr/lib/gcc/arm-none-eabi/7.3.1/../../../arm-none-eabi/lib/thumb/v6-m/libg.a(lib_a-strlen-stub.o)
                0x10004324                strlen
 *(.fini)
 .fini          0x10004388        0x4 /usr/lib/gcc/arm-none-eabi/7.3.1/thumb/v6-m/crti.o
                0x10004388                _fini
 *fill*         0x1000438c        0x4 
 .fini.__stub   0x10004390       0x50 linker stubs
 *crtbegin.o(.ctors)
 *crtbegin?.o(.ctors)
 *(EXCLUDE_FILE(*crtend.o *crtend?.o) .ctors)
 *(SORT_BY_NAME(.ctors.*))
 *(.ctors)
 *crtbegin.o(.dtors)
 *crtbegin?.o(.dtors)
 *(EXCLUDE_FILE(*crtend.o *crtend?.o) .dtors)
 *(SORT_BY_NAME(.dtors.*))
 *(.dtors)
 *(.eh_frame*)
 .eh_frame      0x100043e0        0x0 /usr/lib/gcc/arm-none-eabi/7.3.1/thumb/v6-m/crtbegin.o
                0x100043e0                . = ALIGN (0x4)

.glue_7         0x100043e0        0x0
 .glue_7        0x100043e0        0x0 linker stubs

.glue_7t        0x100043e0        0x0
 .glue_7t       0x100043e0        0x0 linker stubs

.vfp11_veneer   0x100043e0        0x0
 .vfp11_veneer  0x100043e0        0x0 linker stubs

.v4_bx          0x100043e0        0x0
 .v4_bx         0x100043e0        0x0 linker stubs

.iplt           0x100043e0        0x0
 .iplt          0x100043e0        0x0 /usr/lib/gcc/arm-none-eabi/7.3.1/thumb/v6-m/crtbegin.o

.rodata         0x100043e0      0xe00
 *(EXCLUDE_FILE(*libm.a: *libc.a:*lib_a-mem*.o *libgcc.a:) .rodata*)
 .rodata.main.str1.4
                0x100043e0       0x17 CMakeFiles/RelayTwoChannel.dir/RelayTwoChannel.c.obj
 *fill*         0x100043f7        0x1 
 .rodata.__func__.5648
                0x100043f8       0x15 CMakeFiles/RelayTwoChannel.dir/home/pi/pico/pico-sdk/src/common/pico_time/time.c.obj
 *fill*         0x1000440d        0x3 
 .rodata.__func__.5949
                0x10004410        0xc CMakeFiles/RelayTwoChannel.dir/home/pi/pico/pico-sdk/src/common/pico_time/time.c.obj
 .rodata.__func__.5956
                0x1000441c       0x12 CMakeFiles/RelayTwoChannel.dir/home/pi/pico/pico-sdk/src/common/pico_time/time.c.obj
 *fill*         0x1000442e        0x2 
 .rodata.__func__.5972
                0x10004430        0xf CMakeFiles/RelayTwoChannel.dir/home/pi/pico/pico-sdk/src/common/pico_time/time.c.obj
 *fill*         0x1000443f        0x1 
 .rodata.__func__.5994
                0x10004440        0xd CMakeFiles/RelayTwoChannel.dir/home/pi/pico/pico-sdk/src/common/pico_time/time.c.obj
 *fill*         0x1000444d        0x3 
 .rodata.__func__.6195
                0x10004450        0xa CMakeFiles/RelayTwoChannel.dir/home/pi/pico/pico-sdk/src/common/pico_time/time.c.obj
 *fill*         0x1000445a        0x2 
 .rodata.__func__.6200
                0x1000445c       0x12 CMakeFiles/RelayTwoChannel.dir/home/pi/pico/pico-sdk/src/common/pico_time/time.c.obj
 *fill*         0x1000446e        0x2 
 .rodata.__func__.6215
                0x10004470       0x17 CMakeFiles/RelayTwoChannel.dir/home/pi/pico/pico-sdk/src/common/pico_time/time.c.obj
 *fill*         0x10004487        0x1 
 .rodata.__func__.6226
                0x10004488       0x15 CMakeFiles/RelayTwoChannel.dir/home/pi/pico/pico-sdk/src/common/pico_time/time.c.obj
 *fill*         0x1000449d        0x3 
 .rodata.__func__.6243
                0x100044a0       0x1a CMakeFiles/RelayTwoChannel.dir/home/pi/pico/pico-sdk/src/common/pico_time/time.c.obj
 *fill*         0x100044ba        0x2 
 .rodata.add_alarm_under_lock.str1.4
                0x100044bc       0x28 CMakeFiles/RelayTwoChannel.dir/home/pi/pico/pico-sdk/src/common/pico_time/time.c.obj
                                 0x2b (size before relaxing)
 .rodata.alarm_pool_alarm_callback.str1.4
                0x100044e4       0xe2 CMakeFiles/RelayTwoChannel.dir/home/pi/pico/pico-sdk/src/common/pico_time/time.c.obj
 *fill*         0x100045c6        0x2 
 .rodata.alarm_pool_dump_key.str1.4
                0x100045c8       0x33 CMakeFiles/RelayTwoChannel.dir/home/pi/pico/pico-sdk/src/common/pico_time/time.c.obj
 *fill*         0x100045fb        0x1 
 .rodata.alarm_pool_get_default.str1.4
                0x100045fc       0x21 CMakeFiles/RelayTwoChannel.dir/home/pi/pico/pico-sdk/src/common/pico_time/time.c.obj
 *fill*         0x1000461d        0x3 
 .rodata.ph_add_child_node.str1.4
                0x10004620       0x92 CMakeFiles/RelayTwoChannel.dir/home/pi/pico/pico-sdk/src/common/pico_time/time.c.obj
 *fill*         0x100046b2        0x2 
 .rodata.repeating_timer_callback.str1.4
                0x100046b4       0x47 CMakeFiles/RelayTwoChannel.dir/home/pi/pico/pico-sdk/src/common/pico_time/time.c.obj
 *fill*         0x100046fb        0x1 
 .rodata.sleep_until.str1.4
                0x100046fc       0x4d CMakeFiles/RelayTwoChannel.dir/home/pi/pico/pico-sdk/src/common/pico_time/time.c.obj
 *fill*         0x10004749        0x3 
 .rodata.__func__.4508
                0x1000474c       0x1a CMakeFiles/RelayTwoChannel.dir/home/pi/pico/pico-sdk/src/rp2_common/hardware_timer/timer.c.obj
 *fill*         0x10004766        0x2 
 .rodata.hardware_alarm_claim.str1.4
                0x10004768       0x22 CMakeFiles/RelayTwoChannel.dir/home/pi/pico/pico-sdk/src/rp2_common/hardware_timer/timer.c.obj
 *fill*         0x1000478a        0x2 
 .rodata.hardware_alarm_set_target.str1.4
                0x1000478c       0x61 CMakeFiles/RelayTwoChannel.dir/home/pi/pico/pico-sdk/src/rp2_common/hardware_timer/timer.c.obj
 *fill*         0x100047ed        0x3 
 .rodata.__func__.4570
                0x100047f0       0x15 CMakeFiles/RelayTwoChannel.dir/home/pi/pico/pico-sdk/src/common/pico_sync/mutex.c.obj
 *fill*         0x10004805        0x3 
 .rodata.__func__.4605
                0x10004808        0xb CMakeFiles/RelayTwoChannel.dir/home/pi/pico/pico-sdk/src/common/pico_sync/mutex.c.obj
 *fill*         0x10004813        0x1 
 .rodata.str1.4
                0x10004814       0xad CMakeFiles/RelayTwoChannel.dir/home/pi/pico/pico-sdk/src/common/pico_sync/mutex.c.obj
                                0x10d (size before relaxing)
 *fill*         0x100048c1        0x3 
 .rodata.__func__.5655
                0x100048c4        0xc CMakeFiles/RelayTwoChannel.dir/home/pi/pico/pico-sdk/src/common/pico_util/pheap.c.obj
 .rodata.__func__.5662
                0x100048d0       0x12 CMakeFiles/RelayTwoChannel.dir/home/pi/pico/pico-sdk/src/common/pico_util/pheap.c.obj
 *fill*         0x100048e2        0x2 
 .rodata.__func__.5748
                0x100048e4       0x13 CMakeFiles/RelayTwoChannel.dir/home/pi/pico/pico-sdk/src/common/pico_util/pheap.c.obj
 *fill*         0x100048f7        0x1 
 .rodata.__func__.5766
                0x100048f8       0x18 CMakeFiles/RelayTwoChannel.dir/home/pi/pico/pico-sdk/src/common/pico_util/pheap.c.obj
 .rodata.ph_add_child_node.str1.4
                0x10004910       0x92 CMakeFiles/RelayTwoChannel.dir/home/pi/pico/pico-sdk/src/common/pico_util/pheap.c.obj
 .rodata.ph_remove_and_free_node.str1.4
                0x10004910       0x26 CMakeFiles/RelayTwoChannel.dir/home/pi/pico/pico-sdk/src/common/pico_util/pheap.c.obj
 *fill*         0x10004936        0x2 
 .rodata.ph_remove_any_head.str1.4
                0x10004938       0x88 CMakeFiles/RelayTwoChannel.dir/home/pi/pico/pico-sdk/src/common/pico_util/pheap.c.obj
 .rodata.__assert_func.str1.4
                0x100049c0       0x3f CMakeFiles/RelayTwoChannel.dir/home/pi/pico/pico-sdk/src/rp2_common/pico_runtime/runtime.c.obj
                                 0x43 (size before relaxing)
 *fill*         0x100049ff        0x1 
 .rodata.panic.str1.4
                0x10004a00       0x10 CMakeFiles/RelayTwoChannel.dir/home/pi/pico/pico-sdk/src/rp2_common/pico_runtime/runtime.c.obj
                                 0x12 (size before relaxing)
 .rodata.__func__.4627
                0x10004a10       0x10 CMakeFiles/RelayTwoChannel.dir/home/pi/pico/pico-sdk/src/rp2_common/hardware_clocks/clocks.c.obj
 .rodata.clock_configure.str1.4
                0x10004a20       0x53 CMakeFiles/RelayTwoChannel.dir/home/pi/pico/pico-sdk/src/rp2_common/hardware_clocks/clocks.c.obj
 *fill*         0x10004a73        0x1 
 .rodata.__func__.4663
                0x10004a74       0x1a CMakeFiles/RelayTwoChannel.dir/home/pi/pico/pico-sdk/src/rp2_common/hardware_irq/irq.c.obj
 *fill*         0x10004a8e        0x2 
 .rodata.__func__.4677
                0x10004a90        0xc CMakeFiles/RelayTwoChannel.dir/home/pi/pico/pico-sdk/src/rp2_common/hardware_irq/irq.c.obj
 .rodata.__func__.4685
                0x10004a9c       0x17 CMakeFiles/RelayTwoChannel.dir/home/pi/pico/pico-sdk/src/rp2_common/hardware_irq/irq.c.obj
 *fill*         0x10004ab3        0x1 
 .rodata.__func__.4689
                0x10004ab4        0xf CMakeFiles/RelayTwoChannel.dir/home/pi/pico/pico-sdk/src/rp2_common/hardware_irq/irq.c.obj
 *fill*         0x10004ac3        0x1 
 .rodata.__func__.4728
                0x10004ac4       0x13 CMakeFiles/RelayTwoChannel.dir/home/pi/pico/pico-sdk/src/rp2_common/hardware_irq/irq.c.obj
 *fill*         0x10004ad7        0x1 
 .rodata.__func__.4747
                0x10004ad8       0x1a CMakeFiles/RelayTwoChannel.dir/home/pi/pico/pico-sdk/src/rp2_common/hardware_irq/irq.c.obj
 *fill*         0x10004af2        0x2 
 .rodata.irq_add_shared_handler.str1.4
                0x10004af4       0xd9 CMakeFiles/RelayTwoChannel.dir/home/pi/pico/pico-sdk/src/rp2_common/hardware_irq/irq.c.obj
 *fill*         0x10004bcd        0x3 
 .rodata.irq_add_tail_to_free_list.str1.4
                0x10004bd0       0x32 CMakeFiles/RelayTwoChannel.dir/home/pi/pico/pico-sdk/src/rp2_common/hardware_irq/irq.c.obj
                                 0x3a (size before relaxing)
 *fill*         0x10004c02        0x2 
 .rodata.irq_remove_handler.str1.4
                0x10004c04       0x2a CMakeFiles/RelayTwoChannel.dir/home/pi/pico/pico-sdk/src/rp2_common/hardware_irq/irq.c.obj
 *fill*         0x10004c2e        0x2 
 .rodata.irq_set_exclusive_handler.str1.4
                0x10004c30       0x36 CMakeFiles/RelayTwoChannel.dir/home/pi/pico/pico-sdk/src/rp2_common/hardware_irq/irq.c.obj
 *fill*         0x10004c66        0x2 
 .rodata.make_branch.str1.4
                0x10004c68       0x49 CMakeFiles/RelayTwoChannel.dir/home/pi/pico/pico-sdk/src/rp2_common/hardware_irq/irq.c.obj
 *fill*         0x10004cb1        0x3 
 .rodata.__func__.4362
                0x10004cb4        0x9 CMakeFiles/RelayTwoChannel.dir/home/pi/pico/pico-sdk/src/rp2_common/hardware_pll/pll.c.obj
 *fill*         0x10004cbd        0x3 
 .rodata.pll_init.str1.4
                0x10004cc0       0xd7 CMakeFiles/RelayTwoChannel.dir/home/pi/pico/pico-sdk/src/rp2_common/hardware_pll/pll.c.obj
 *fill*         0x10004d97        0x1 
 .rodata._vsnprintf
                0x10004d98      0x1e0 CMakeFiles/RelayTwoChannel.dir/home/pi/pico/pico-sdk/src/rp2_common/pico_printf/printf.c.obj
 .rodata._ftoa.str1.4
                0x10004f78       0x15 CMakeFiles/RelayTwoChannel.dir/home/pi/pico/pico-sdk/src/rp2_common/pico_printf/printf.c.obj
 *fill*         0x10004f8d        0x3 
 .rodata.pow10.5369
                0x10004f90       0x50 CMakeFiles/RelayTwoChannel.dir/home/pi/pico/pico-sdk/src/rp2_common/pico_printf/printf.c.obj
 .rodata.__aeabi_double_init.str1.4
                0x10004fe0       0xa4 CMakeFiles/RelayTwoChannel.dir/home/pi/pico/pico-sdk/src/rp2_common/pico_double/double_init_rom.c.obj
 .rodata.__func__.4628
                0x10005084       0x14 CMakeFiles/RelayTwoChannel.dir/home/pi/pico/pico-sdk/src/rp2_common/pico_double/double_init_rom.c.obj
 .rodata.__aeabi_float_init.str1.4
                0x10005098       0x76 CMakeFiles/RelayTwoChannel.dir/home/pi/pico/pico-sdk/src/rp2_common/pico_float/float_init_rom.c.obj
                                 0x7a (size before relaxing)
 *fill*         0x1000510e        0x2 
 .rodata.__func__.4630
                0x10005110       0x13 CMakeFiles/RelayTwoChannel.dir/home/pi/pico/pico-sdk/src/rp2_common/pico_float/float_init_rom.c.obj
 *fill*         0x10005123        0x1 
 .rodata.__bi_44
                0x10005124        0xc CMakeFiles/RelayTwoChannel.dir/home/pi/pico/pico-sdk/src/rp2_common/pico_standard_link/binary_info.c.obj
 .rodata.__bi_56
                0x10005130        0xc CMakeFiles/RelayTwoChannel.dir/home/pi/pico/pico-sdk/src/rp2_common/pico_standard_link/binary_info.c.obj
 .rodata.__bi_75
                0x1000513c        0xc CMakeFiles/RelayTwoChannel.dir/home/pi/pico/pico-sdk/src/rp2_common/pico_standard_link/binary_info.c.obj
 .rodata.__bi_81
                0x10005148        0xc CMakeFiles/RelayTwoChannel.dir/home/pi/pico/pico-sdk/src/rp2_common/pico_standard_link/binary_info.c.obj
 .rodata.str1.4
                0x10005154       0x48 CMakeFiles/RelayTwoChannel.dir/home/pi/pico/pico-sdk/src/rp2_common/pico_standard_link/binary_info.c.obj
 .rodata.crlf_str.5957
                0x1000519c        0x2 CMakeFiles/RelayTwoChannel.dir/home/pi/pico/pico-sdk/src/rp2_common/pico_stdio/stdio.c.obj
 *fill*         0x1000519e        0x2 
 .rodata.__bi_28.4699
                0x100051a0        0xc CMakeFiles/RelayTwoChannel.dir/home/pi/pico/pico-sdk/src/rp2_common/pico_stdio_uart/stdio_uart.c.obj
 .rodata.__bi_29.4703
                0x100051ac        0x8 CMakeFiles/RelayTwoChannel.dir/home/pi/pico/pico-sdk/src/rp2_common/pico_stdio_uart/stdio_uart.c.obj
 .rodata.str1.4
                0x100051b4       0x2c CMakeFiles/RelayTwoChannel.dir/home/pi/pico/pico-sdk/src/rp2_common/pico_stdio_uart/stdio_uart.c.obj
                0x100051e0                . = ALIGN (0x4)
 *(SORT_BY_ALIGNMENT(SORT_BY_NAME(.flashdata*)))
                0x100051e0                . = ALIGN (0x4)

.rel.dyn        0x100051e0        0x0
 .rel.iplt      0x100051e0        0x0 /usr/lib/gcc/arm-none-eabi/7.3.1/thumb/v6-m/crtbegin.o

.ARM.extab
 *(.ARM.extab* .gnu.linkonce.armextab.*)
                0x100051e0                __exidx_start = .

.ARM.exidx
 *(.ARM.exidx* .gnu.linkonce.armexidx.*)
                0x100051e0                __exidx_end = .
                0x100051e0                . = ALIGN (0x4)
                0x100051e0                __binary_info_start = .

.binary_info    0x100051e0       0x28
 *(.binary_info.keep.*)
 .binary_info.keep.__bi_ptr22
                0x100051e0        0x4 CMakeFiles/RelayTwoChannel.dir/home/pi/pico/pico-sdk/src/rp2_common/pico_standard_link/binary_info.c.obj
 .binary_info.keep.__bi_ptr30
                0x100051e4        0x4 CMakeFiles/RelayTwoChannel.dir/home/pi/pico/pico-sdk/src/rp2_common/pico_standard_link/binary_info.c.obj
 .binary_info.keep.__bi_ptr38
                0x100051e8        0x4 CMakeFiles/RelayTwoChannel.dir/home/pi/pico/pico-sdk/src/rp2_common/pico_standard_link/binary_info.c.obj
 .binary_info.keep.__bi_ptr44
                0x100051ec        0x4 CMakeFiles/RelayTwoChannel.dir/home/pi/pico/pico-sdk/src/rp2_common/pico_standard_link/binary_info.c.obj
 .binary_info.keep.__bi_ptr50
                0x100051f0        0x4 CMakeFiles/RelayTwoChannel.dir/home/pi/pico/pico-sdk/src/rp2_common/pico_standard_link/binary_info.c.obj
 .binary_info.keep.__bi_ptr56
                0x100051f4        0x4 CMakeFiles/RelayTwoChannel.dir/home/pi/pico/pico-sdk/src/rp2_common/pico_standard_link/binary_info.c.obj
 .binary_info.keep.__bi_ptr75
                0x100051f8        0x4 CMakeFiles/RelayTwoChannel.dir/home/pi/pico/pico-sdk/src/rp2_common/pico_standard_link/binary_info.c.obj
 .binary_info.keep.__bi_ptr81
                0x100051fc        0x4 CMakeFiles/RelayTwoChannel.dir/home/pi/pico/pico-sdk/src/rp2_common/pico_standard_link/binary_info.c.obj
 *(.binary_info.*)
 .binary_info.__bi_ptr28
                0x10005200        0x4 CMakeFiles/RelayTwoChannel.dir/home/pi/pico/pico-sdk/src/rp2_common/pico_stdio_uart/stdio_uart.c.obj
 .binary_info.__bi_ptr29
                0x10005204        0x4 CMakeFiles/RelayTwoChannel.dir/home/pi/pico/pico-sdk/src/rp2_common/pico_stdio_uart/stdio_uart.c.obj
                0x10005208                __binary_info_end = .
                0x10005208                . = ALIGN (0x4)
                0x10005208                __etext = .

.ram_vector_table
                0x20000000       0xc0
 *(.ram_vector_table)
 .ram_vector_table
                0x20000000       0xc0 CMakeFiles/RelayTwoChannel.dir/home/pi/pico/pico-sdk/src/rp2_common/pico_runtime/runtime.c.obj
                0x20000000                ram_vector_table

.data           0x200000c0      0x260 load address 0x10005208
                0x200000c0                __data_start__ = .
 *(vtable)
 *(.time_critical*)
 .time_critical.mutex_enter_blocking
                0x200000c0       0x94 CMakeFiles/RelayTwoChannel.dir/home/pi/pico/pico-sdk/src/common/pico_sync/mutex.c.obj
                0x200000c0                mutex_enter_blocking
 .time_critical.mutex_try_enter
                0x20000154       0x5a CMakeFiles/RelayTwoChannel.dir/home/pi/pico/pico-sdk/src/common/pico_sync/mutex.c.obj
                0x20000154                mutex_try_enter
 *fill*         0x200001ae        0x2 
 .time_critical.mutex_exit
                0x200001b0       0x94 CMakeFiles/RelayTwoChannel.dir/home/pi/pico/pico-sdk/src/common/pico_sync/mutex.c.obj
                0x200001b0                mutex_exit
 *(.text*)
 .text          0x20000244        0x4 /usr/lib/gcc/arm-none-eabi/7.3.1/thumb/v6-m/libgcc.a(_dvmd_tls.o)
                0x20000244                __aeabi_ldiv0
                0x20000244                __aeabi_idiv0
 .text.__stub   0x20000248       0x10 linker stubs
                0x20000258                . = ALIGN (0x4)
 *(.rodata*)
                0x20000258                . = ALIGN (0x4)
 *(.data*)
 .data.striped_spin_lock_num
                0x20000258        0x1 CMakeFiles/RelayTwoChannel.dir/home/pi/pico/pico-sdk/src/rp2_common/hardware_sync/sync.c.obj
 *fill*         0x20000259        0x3 
 .data.default_alarm_pool
                0x2000025c       0x18 CMakeFiles/RelayTwoChannel.dir/home/pi/pico/pico-sdk/src/common/pico_time/time.c.obj
 .data.default_alarm_pool_heap
                0x20000274       0x10 CMakeFiles/RelayTwoChannel.dir/home/pi/pico/pico-sdk/src/common/pico_time/time.c.obj
 .data          0x20000284       0x48 CMakeFiles/RelayTwoChannel.dir/home/pi/pico/pico-sdk/src/rp2_common/hardware_irq/irq_handler_chain.S.obj
                0x20000284                irq_handler_chain_slots
                0x200002b4                irq_handler_chain_first_slot
                0x200002be                irq_handler_chain_remove_tail
 *fill*         0x200002cc        0x4 
 .data.aeabi_bits_funcs
                0x200002d0       0x10 CMakeFiles/RelayTwoChannel.dir/home/pi/pico/pico-sdk/src/rp2_common/pico_bit_ops/bit_ops_aeabi.S.obj
                0x200002d0                aeabi_bits_funcs
                0x200002e0                aeabi_bits_funcs_end
 .data.aeabi_mem_funcs
                0x200002e0       0x10 CMakeFiles/RelayTwoChannel.dir/home/pi/pico/pico-sdk/src/rp2_common/pico_mem_ops/mem_ops_aeabi.S.obj
                0x200002e0                aeabi_mem_funcs
                0x200002f0                aeabi_mem_funcs_end
 .data.stdio_uart
                0x200002f0       0x14 CMakeFiles/RelayTwoChannel.dir/home/pi/pico/pico-sdk/src/rp2_common/pico_stdio_uart/stdio_uart.c.obj
                0x200002f0                stdio_uart
                0x20000304                . = ALIGN (0x4)
 *(.after_data.*)
                0x20000304                . = ALIGN (0x4)
                0x20000304                PROVIDE (__mutex_array_start = .)
 *(SORT_BY_NAME(.mutex_array.*))
 *(.mutex_array)
 .mutex_array   0x20000304        0x8 CMakeFiles/RelayTwoChannel.dir/home/pi/pico/pico-sdk/src/rp2_common/pico_stdio/stdio.c.obj
                0x2000030c                PROVIDE (__mutex_array_end = .)
                0x2000030c                . = ALIGN (0x4)
                0x2000030c                PROVIDE (__preinit_array_start = .)
 *(SORT_BY_NAME(.preinit_array.*))
 .preinit_array.00001
                0x2000030c        0x4 CMakeFiles/RelayTwoChannel.dir/home/pi/pico/pico-sdk/src/rp2_common/pico_mem_ops/mem_ops_aeabi.S.obj
 .preinit_array.00010
                0x20000310        0x4 CMakeFiles/RelayTwoChannel.dir/home/pi/pico/pico-sdk/src/rp2_common/pico_bit_ops/bit_ops_aeabi.S.obj
 .preinit_array.00020
                0x20000314        0x4 CMakeFiles/RelayTwoChannel.dir/home/pi/pico/pico-sdk/src/rp2_common/pico_double/double_aeabi.S.obj
 .preinit_array.00020
                0x20000318        0x4 CMakeFiles/RelayTwoChannel.dir/home/pi/pico/pico-sdk/src/rp2_common/pico_float/float_aeabi.S.obj
 *(.preinit_array)
                0x2000031c                PROVIDE (__preinit_array_end = .)
                0x2000031c                . = ALIGN (0x4)
                0x2000031c                PROVIDE (__init_array_start = .)
 *(SORT_BY_NAME(.init_array.*))
 *(.init_array)
 .init_array    0x2000031c        0x4 /usr/lib/gcc/arm-none-eabi/7.3.1/thumb/v6-m/crtbegin.o
                0x20000320                PROVIDE (__init_array_end = .)
                0x20000320                . = ALIGN (0x4)
                0x20000320                PROVIDE (__fini_array_start = .)
 *(SORT_BY_NAME(.fini_array.*))
 *(.fini_array)
                0x20000320                PROVIDE (__fini_array_end = .)
 *(.jcr)
                0x20000320                . = ALIGN (0x4)
                0x20000320                __data_end__ = .

.tm_clone_table
                0x20000320        0x0 load address 0x10005468
 .tm_clone_table
                0x20000320        0x0 /usr/lib/gcc/arm-none-eabi/7.3.1/thumb/v6-m/crtbegin.o
 .tm_clone_table
                0x20000320        0x0 /usr/lib/gcc/arm-none-eabi/7.3.1/thumb/v6-m/crtend.o

.igot.plt       0x20000320        0x0 load address 0x10005468
 .igot.plt      0x20000320        0x0 /usr/lib/gcc/arm-none-eabi/7.3.1/thumb/v6-m/crtbegin.o

.uninitialized_data
                0x20000320        0x0 load address 0x10005468
                0x20000320                . = ALIGN (0x4)
 *(.uninitialized_data*)

.scratch_x      0x20040000        0x0 load address 0x10005468
                0x20040000                __scratch_x_start__ = .
 *(.scratch_x.*)
                0x20040000                . = ALIGN (0x4)
                0x20040000                __scratch_x_end__ = .
                0x10005468                __scratch_x_source__ = LOADADDR (.scratch_x)

.scratch_y      0x20041000        0x0 load address 0x10005468
                0x20041000                __scratch_y_start__ = .
 *(.scratch_y.*)
                0x20041000                . = ALIGN (0x4)
                0x20041000                __scratch_y_end__ = .
                0x10005468                __scratch_y_source__ = LOADADDR (.scratch_y)

.bss            0x20000320      0x3d0
                0x20000320                . = ALIGN (0x4)
                0x20000320                __bss_start__ = .
 *(SORT_BY_ALIGNMENT(SORT_BY_NAME(.bss*)))
 .bss.default_alarm_pool_entries
                0x20000320      0x100 CMakeFiles/RelayTwoChannel.dir/home/pi/pico/pico-sdk/src/common/pico_time/time.c.obj
 .bss           0x20000420       0x1c /usr/lib/gcc/arm-none-eabi/7.3.1/thumb/v6-m/crtbegin.o
 .bss.alarm_callbacks
                0x2000043c       0x10 CMakeFiles/RelayTwoChannel.dir/home/pi/pico/pico-sdk/src/rp2_common/hardware_timer/timer.c.obj
 .bss.configured_freq
                0x2000044c       0x28 CMakeFiles/RelayTwoChannel.dir/home/pi/pico/pico-sdk/src/rp2_common/hardware_clocks/clocks.c.obj
 .bss.default_alarm_pool_entry_ids_high
                0x20000474       0x10 CMakeFiles/RelayTwoChannel.dir/home/pi/pico/pico-sdk/src/common/pico_time/time.c.obj
 .bss.default_alarm_pool_heap_nodes
                0x20000484       0x30 CMakeFiles/RelayTwoChannel.dir/home/pi/pico/pico-sdk/src/common/pico_time/time.c.obj
 .bss.drivers   0x200004b4        0x4 CMakeFiles/RelayTwoChannel.dir/home/pi/pico/pico-sdk/src/rp2_common/pico_stdio/stdio.c.obj
 .bss.filter    0x200004b8        0x4 CMakeFiles/RelayTwoChannel.dir/home/pi/pico/pico-sdk/src/rp2_common/pico_stdio/stdio.c.obj
 .bss.pools     0x200004bc       0x10 CMakeFiles/RelayTwoChannel.dir/home/pi/pico/pico-sdk/src/common/pico_time/time.c.obj
 .bss.sleep_notifier
                0x200004cc        0x4 CMakeFiles/RelayTwoChannel.dir/home/pi/pico/pico-sdk/src/common/pico_time/time.c.obj
 .bss.target_hi
                0x200004d0       0x10 CMakeFiles/RelayTwoChannel.dir/home/pi/pico/pico-sdk/src/rp2_common/hardware_timer/timer.c.obj
 .bss.uart_instance
                0x200004e0        0x4 CMakeFiles/RelayTwoChannel.dir/home/pi/pico/pico-sdk/src/rp2_common/pico_stdio_uart/stdio_uart.c.obj
 .bss.claimed   0x200004e4        0x1 CMakeFiles/RelayTwoChannel.dir/home/pi/pico/pico-sdk/src/rp2_common/hardware_timer/timer.c.obj
 .bss.irq_hander_chain_free_slot_head
                0x200004e5        0x1 CMakeFiles/RelayTwoChannel.dir/home/pi/pico/pico-sdk/src/rp2_common/hardware_irq/irq.c.obj
 .bss.timer_callbacks_pending
                0x200004e6        0x1 CMakeFiles/RelayTwoChannel.dir/home/pi/pico/pico-sdk/src/rp2_common/hardware_timer/timer.c.obj
 *(COMMON)
 *fill*         0x200004e7        0x1 
 COMMON         0x200004e8        0x4 CMakeFiles/RelayTwoChannel.dir/home/pi/pico/pico-sdk/src/rp2_common/hardware_uart/uart.c.obj
                0x200004e8                uart_char_to_line_feed
 COMMON         0x200004ec      0x100 CMakeFiles/RelayTwoChannel.dir/home/pi/pico/pico-sdk/src/rp2_common/pico_double/double_init_rom.c.obj
                0x200004ec                sd_table
 COMMON         0x200005ec      0x104 CMakeFiles/RelayTwoChannel.dir/home/pi/pico/pico-sdk/src/rp2_common/pico_float/float_init_rom.c.obj
                0x200005ec                sf_table
                0x200006ec                sf_clz_func
                0x200006f0                . = ALIGN (0x4)
                0x200006f0                __bss_end__ = .

.heap           0x200006f0      0x800
                0x200006f0                __end__ = .
                0x200006f0                end = __end__
 *(.heap*)
 .heap          0x200006f0      0x800 CMakeFiles/RelayTwoChannel.dir/home/pi/pico/pico-sdk/src/rp2_common/pico_standard_link/crt0.S.obj
                0x20000ef0                __HeapLimit = .

.stack1_dummy   0x20040000        0x0
 *(.stack1*)

.stack_dummy    0x20041000      0x800
 *(.stack*)
 .stack         0x20041000      0x800 CMakeFiles/RelayTwoChannel.dir/home/pi/pico/pico-sdk/src/rp2_common/pico_standard_link/crt0.S.obj

.flash_end      0x10005468        0x0
                0x10005468                __flash_binary_end = .
                0x20040000                __StackLimit = (ORIGIN (RAM) + LENGTH (RAM))
                0x20041000                __StackOneTop = (ORIGIN (SCRATCH_X) + LENGTH (SCRATCH_X))
                0x20042000                __StackTop = (ORIGIN (SCRATCH_Y) + LENGTH (SCRATCH_Y))
                0x20041000                __StackOneBottom = (__StackOneTop - SIZEOF (.stack1_dummy))
                0x20041800                __StackBottom = (__StackTop - SIZEOF (.stack_dummy))
                0x20042000                PROVIDE (__stack = __StackTop)
                0x00000001                ASSERT ((__StackLimit >= __HeapLimit), region RAM overflowed)
                0x00000001                ASSERT (((__binary_info_header_end - __logical_binary_start) <= 0x100), Binary info must be in first 256 bytes of the binary)
LOAD CMakeFiles/RelayTwoChannel.dir/RelayTwoChannel.c.obj
LOAD CMakeFiles/RelayTwoChannel.dir/home/pi/pico/pico-sdk/src/rp2_common/pico_stdlib/stdlib.c.obj
LOAD CMakeFiles/RelayTwoChannel.dir/home/pi/pico/pico-sdk/src/rp2_common/hardware_gpio/gpio.c.obj
LOAD CMakeFiles/RelayTwoChannel.dir/home/pi/pico/pico-sdk/src/rp2_common/hardware_claim/claim.c.obj
LOAD CMakeFiles/RelayTwoChannel.dir/home/pi/pico/pico-sdk/src/rp2_common/pico_platform/platform.c.obj
LOAD CMakeFiles/RelayTwoChannel.dir/home/pi/pico/pico-sdk/src/rp2_common/hardware_sync/sync.c.obj
LOAD CMakeFiles/RelayTwoChannel.dir/home/pi/pico/pico-sdk/src/rp2_common/hardware_uart/uart.c.obj
LOAD CMakeFiles/RelayTwoChannel.dir/home/pi/pico/pico-sdk/src/rp2_common/hardware_divider/divider.S.obj
LOAD CMakeFiles/RelayTwoChannel.dir/home/pi/pico/pico-sdk/src/common/pico_time/time.c.obj
LOAD CMakeFiles/RelayTwoChannel.dir/home/pi/pico/pico-sdk/src/common/pico_time/timeout_helper.c.obj
LOAD CMakeFiles/RelayTwoChannel.dir/home/pi/pico/pico-sdk/src/rp2_common/hardware_timer/timer.c.obj
LOAD CMakeFiles/RelayTwoChannel.dir/home/pi/pico/pico-sdk/src/common/pico_sync/sem.c.obj
LOAD CMakeFiles/RelayTwoChannel.dir/home/pi/pico/pico-sdk/src/common/pico_sync/lock_core.c.obj
LOAD CMakeFiles/RelayTwoChannel.dir/home/pi/pico/pico-sdk/src/common/pico_sync/mutex.c.obj
LOAD CMakeFiles/RelayTwoChannel.dir/home/pi/pico/pico-sdk/src/common/pico_sync/critical_section.c.obj
LOAD CMakeFiles/RelayTwoChannel.dir/home/pi/pico/pico-sdk/src/common/pico_util/datetime.c.obj
LOAD CMakeFiles/RelayTwoChannel.dir/home/pi/pico/pico-sdk/src/common/pico_util/pheap.c.obj
LOAD CMakeFiles/RelayTwoChannel.dir/home/pi/pico/pico-sdk/src/common/pico_util/queue.c.obj
LOAD CMakeFiles/RelayTwoChannel.dir/home/pi/pico/pico-sdk/src/rp2_common/pico_runtime/runtime.c.obj
LOAD CMakeFiles/RelayTwoChannel.dir/home/pi/pico/pico-sdk/src/rp2_common/hardware_clocks/clocks.c.obj
LOAD CMakeFiles/RelayTwoChannel.dir/home/pi/pico/pico-sdk/src/rp2_common/hardware_irq/irq.c.obj
LOAD CMakeFiles/RelayTwoChannel.dir/home/pi/pico/pico-sdk/src/rp2_common/hardware_irq/irq_handler_chain.S.obj
LOAD CMakeFiles/RelayTwoChannel.dir/home/pi/pico/pico-sdk/src/rp2_common/hardware_pll/pll.c.obj
LOAD CMakeFiles/RelayTwoChannel.dir/home/pi/pico/pico-sdk/src/rp2_common/hardware_vreg/vreg.c.obj
LOAD CMakeFiles/RelayTwoChannel.dir/home/pi/pico/pico-sdk/src/rp2_common/hardware_watchdog/watchdog.c.obj
LOAD CMakeFiles/RelayTwoChannel.dir/home/pi/pico/pico-sdk/src/rp2_common/hardware_xosc/xosc.c.obj
LOAD CMakeFiles/RelayTwoChannel.dir/home/pi/pico/pico-sdk/src/rp2_common/pico_printf/printf.c.obj
LOAD CMakeFiles/RelayTwoChannel.dir/home/pi/pico/pico-sdk/src/rp2_common/pico_bit_ops/bit_ops_aeabi.S.obj
LOAD CMakeFiles/RelayTwoChannel.dir/home/pi/pico/pico-sdk/src/rp2_common/pico_bootrom/bootrom.c.obj
LOAD CMakeFiles/RelayTwoChannel.dir/home/pi/pico/pico-sdk/src/rp2_common/pico_divider/divider.S.obj
LOAD CMakeFiles/RelayTwoChannel.dir/home/pi/pico/pico-sdk/src/rp2_common/pico_double/double_aeabi.S.obj
LOAD CMakeFiles/RelayTwoChannel.dir/home/pi/pico/pico-sdk/src/rp2_common/pico_double/double_init_rom.c.obj
LOAD CMakeFiles/RelayTwoChannel.dir/home/pi/pico/pico-sdk/src/rp2_common/pico_double/double_math.c.obj
LOAD CMakeFiles/RelayTwoChannel.dir/home/pi/pico/pico-sdk/src/rp2_common/pico_double/double_v1_rom_shim.S.obj
LOAD CMakeFiles/RelayTwoChannel.dir/home/pi/pico/pico-sdk/src/rp2_common/pico_int64_ops/pico_int64_ops_aeabi.S.obj
LOAD CMakeFiles/RelayTwoChannel.dir/home/pi/pico/pico-sdk/src/rp2_common/pico_float/float_aeabi.S.obj
LOAD CMakeFiles/RelayTwoChannel.dir/home/pi/pico/pico-sdk/src/rp2_common/pico_float/float_init_rom.c.obj
LOAD CMakeFiles/RelayTwoChannel.dir/home/pi/pico/pico-sdk/src/rp2_common/pico_float/float_math.c.obj
LOAD CMakeFiles/RelayTwoChannel.dir/home/pi/pico/pico-sdk/src/rp2_common/pico_float/float_v1_rom_shim.S.obj
LOAD CMakeFiles/RelayTwoChannel.dir/home/pi/pico/pico-sdk/src/rp2_common/pico_malloc/pico_malloc.c.obj
LOAD CMakeFiles/RelayTwoChannel.dir/home/pi/pico/pico-sdk/src/rp2_common/pico_mem_ops/mem_ops_aeabi.S.obj
LOAD CMakeFiles/RelayTwoChannel.dir/home/pi/pico/pico-sdk/src/rp2_common/pico_standard_link/crt0.S.obj
LOAD CMakeFiles/RelayTwoChannel.dir/home/pi/pico/pico-sdk/src/rp2_common/pico_standard_link/new_delete.cpp.obj
LOAD CMakeFiles/RelayTwoChannel.dir/home/pi/pico/pico-sdk/src/rp2_common/pico_standard_link/binary_info.c.obj
LOAD CMakeFiles/RelayTwoChannel.dir/home/pi/pico/pico-sdk/src/rp2_common/pico_stdio/stdio.c.obj
LOAD CMakeFiles/RelayTwoChannel.dir/home/pi/pico/pico-sdk/src/rp2_common/pico_stdio_uart/stdio_uart.c.obj
LOAD /tmp/ccCFfZDX.o
LOAD /usr/lib/gcc/arm-none-eabi/7.3.1/../../../arm-none-eabi/lib/thumb/v6-m/libstdc++.a
LOAD /usr/lib/gcc/arm-none-eabi/7.3.1/../../../arm-none-eabi/lib/thumb/v6-m/libm.a
START GROUP
LOAD /usr/lib/gcc/arm-none-eabi/7.3.1/thumb/v6-m/libgcc.a
LOAD /usr/lib/gcc/arm-none-eabi/7.3.1/../../../arm-none-eabi/lib/thumb/v6-m/libg.a
LOAD /usr/lib/gcc/arm-none-eabi/7.3.1/../../../arm-none-eabi/lib/thumb/v6-m/libc.a
END GROUP
START GROUP
LOAD /usr/lib/gcc/arm-none-eabi/7.3.1/thumb/v6-m/libgcc.a
LOAD /usr/lib/gcc/arm-none-eabi/7.3.1/../../../arm-none-eabi/lib/thumb/v6-m/libc.a
LOAD /usr/lib/gcc/arm-none-eabi/7.3.1/../../../arm-none-eabi/lib/thumb/v6-m/libnosys.a
END GROUP
LOAD /usr/lib/gcc/arm-none-eabi/7.3.1/thumb/v6-m/crtend.o
LOAD /usr/lib/gcc/arm-none-eabi/7.3.1/thumb/v6-m/crtn.o
OUTPUT(RelayTwoChannel.elf elf32-littlearm)

.ARM.attributes
                0x00000000       0x28
 .ARM.attributes
                0x00000000       0x1e /usr/lib/gcc/arm-none-eabi/7.3.1/thumb/v6-m/crti.o
 .ARM.attributes
                0x0000001e       0x2c /usr/lib/gcc/arm-none-eabi/7.3.1/thumb/v6-m/crtbegin.o
 .ARM.attributes
                0x0000004a       0x32 CMakeFiles/RelayTwoChannel.dir/RelayTwoChannel.c.obj
 .ARM.attributes
                0x0000007c       0x32 CMakeFiles/RelayTwoChannel.dir/home/pi/pico/pico-sdk/src/rp2_common/hardware_gpio/gpio.c.obj
 .ARM.attributes
                0x000000ae       0x32 CMakeFiles/RelayTwoChannel.dir/home/pi/pico/pico-sdk/src/rp2_common/hardware_claim/claim.c.obj
 .ARM.attributes
                0x000000e0       0x32 CMakeFiles/RelayTwoChannel.dir/home/pi/pico/pico-sdk/src/rp2_common/pico_platform/platform.c.obj
 .ARM.attributes
                0x00000112       0x32 CMakeFiles/RelayTwoChannel.dir/home/pi/pico/pico-sdk/src/rp2_common/hardware_sync/sync.c.obj
 .ARM.attributes
                0x00000144       0x32 CMakeFiles/RelayTwoChannel.dir/home/pi/pico/pico-sdk/src/rp2_common/hardware_uart/uart.c.obj
 .ARM.attributes
                0x00000176       0x32 CMakeFiles/RelayTwoChannel.dir/home/pi/pico/pico-sdk/src/common/pico_time/time.c.obj
 .ARM.attributes
                0x000001a8       0x32 CMakeFiles/RelayTwoChannel.dir/home/pi/pico/pico-sdk/src/rp2_common/hardware_timer/timer.c.obj
 .ARM.attributes
                0x000001da       0x32 CMakeFiles/RelayTwoChannel.dir/home/pi/pico/pico-sdk/src/common/pico_sync/lock_core.c.obj
 .ARM.attributes
                0x0000020c       0x32 CMakeFiles/RelayTwoChannel.dir/home/pi/pico/pico-sdk/src/common/pico_sync/mutex.c.obj
 .ARM.attributes
                0x0000023e       0x32 CMakeFiles/RelayTwoChannel.dir/home/pi/pico/pico-sdk/src/common/pico_util/pheap.c.obj
 .ARM.attributes
                0x00000270       0x32 CMakeFiles/RelayTwoChannel.dir/home/pi/pico/pico-sdk/src/rp2_common/pico_runtime/runtime.c.obj
 .ARM.attributes
                0x000002a2       0x32 CMakeFiles/RelayTwoChannel.dir/home/pi/pico/pico-sdk/src/rp2_common/hardware_clocks/clocks.c.obj
 .ARM.attributes
                0x000002d4       0x32 CMakeFiles/RelayTwoChannel.dir/home/pi/pico/pico-sdk/src/rp2_common/hardware_irq/irq.c.obj
 .ARM.attributes
                0x00000306       0x22 CMakeFiles/RelayTwoChannel.dir/home/pi/pico/pico-sdk/src/rp2_common/hardware_irq/irq_handler_chain.S.obj
 .ARM.attributes
                0x00000328       0x32 CMakeFiles/RelayTwoChannel.dir/home/pi/pico/pico-sdk/src/rp2_common/hardware_pll/pll.c.obj
 .ARM.attributes
                0x0000035a       0x32 CMakeFiles/RelayTwoChannel.dir/home/pi/pico/pico-sdk/src/rp2_common/hardware_watchdog/watchdog.c.obj
 .ARM.attributes
                0x0000038c       0x32 CMakeFiles/RelayTwoChannel.dir/home/pi/pico/pico-sdk/src/rp2_common/hardware_xosc/xosc.c.obj
 .ARM.attributes
                0x000003be       0x32 CMakeFiles/RelayTwoChannel.dir/home/pi/pico/pico-sdk/src/rp2_common/pico_printf/printf.c.obj
 .ARM.attributes
                0x000003f0       0x22 CMakeFiles/RelayTwoChannel.dir/home/pi/pico/pico-sdk/src/rp2_common/pico_bit_ops/bit_ops_aeabi.S.obj
 .ARM.attributes
                0x00000412       0x32 CMakeFiles/RelayTwoChannel.dir/home/pi/pico/pico-sdk/src/rp2_common/pico_bootrom/bootrom.c.obj
 .ARM.attributes
                0x00000444       0x22 CMakeFiles/RelayTwoChannel.dir/home/pi/pico/pico-sdk/src/rp2_common/pico_divider/divider.S.obj
 .ARM.attributes
                0x00000466       0x22 CMakeFiles/RelayTwoChannel.dir/home/pi/pico/pico-sdk/src/rp2_common/pico_double/double_aeabi.S.obj
 .ARM.attributes
                0x00000488       0x32 CMakeFiles/RelayTwoChannel.dir/home/pi/pico/pico-sdk/src/rp2_common/pico_double/double_init_rom.c.obj
 .ARM.attributes
                0x000004ba       0x22 CMakeFiles/RelayTwoChannel.dir/home/pi/pico/pico-sdk/src/rp2_common/pico_double/double_v1_rom_shim.S.obj
 .ARM.attributes
                0x000004dc       0x22 CMakeFiles/RelayTwoChannel.dir/home/pi/pico/pico-sdk/src/rp2_common/pico_int64_ops/pico_int64_ops_aeabi.S.obj
 .ARM.attributes
                0x000004fe       0x22 CMakeFiles/RelayTwoChannel.dir/home/pi/pico/pico-sdk/src/rp2_common/pico_float/float_aeabi.S.obj
 .ARM.attributes
                0x00000520       0x32 CMakeFiles/RelayTwoChannel.dir/home/pi/pico/pico-sdk/src/rp2_common/pico_float/float_init_rom.c.obj
 .ARM.attributes
                0x00000552       0x22 CMakeFiles/RelayTwoChannel.dir/home/pi/pico/pico-sdk/src/rp2_common/pico_float/float_v1_rom_shim.S.obj
 .ARM.attributes
                0x00000574       0x22 CMakeFiles/RelayTwoChannel.dir/home/pi/pico/pico-sdk/src/rp2_common/pico_mem_ops/mem_ops_aeabi.S.obj
 .ARM.attributes
                0x00000596       0x22 CMakeFiles/RelayTwoChannel.dir/home/pi/pico/pico-sdk/src/rp2_common/pico_standard_link/crt0.S.obj
 .ARM.attributes
                0x000005b8       0x32 CMakeFiles/RelayTwoChannel.dir/home/pi/pico/pico-sdk/src/rp2_common/pico_standard_link/binary_info.c.obj
 .ARM.attributes
                0x000005ea       0x32 CMakeFiles/RelayTwoChannel.dir/home/pi/pico/pico-sdk/src/rp2_common/pico_stdio/stdio.c.obj
 .ARM.attributes
                0x0000061c       0x32 CMakeFiles/RelayTwoChannel.dir/home/pi/pico/pico-sdk/src/rp2_common/pico_stdio_uart/stdio_uart.c.obj
 .ARM.attributes
                0x0000064e       0x22 /tmp/ccCFfZDX.o
 .ARM.attributes
                0x00000670       0x1e /usr/lib/gcc/arm-none-eabi/7.3.1/thumb/v6-m/libgcc.a(_dvmd_tls.o)
 .ARM.attributes
                0x0000068e       0x2c /usr/lib/gcc/arm-none-eabi/7.3.1/../../../arm-none-eabi/lib/thumb/v6-m/libg.a(lib_a-strlen-stub.o)
 .ARM.attributes
                0x000006ba       0x2c /usr/lib/gcc/arm-none-eabi/7.3.1/thumb/v6-m/crtend.o

.comment        0x00000000       0xae
 .comment       0x00000000       0x57 /usr/lib/gcc/arm-none-eabi/7.3.1/thumb/v6-m/crtbegin.o
                                 0x58 (size before relaxing)
 .comment       0x00000057       0x58 CMakeFiles/RelayTwoChannel.dir/RelayTwoChannel.c.obj
 .comment       0x00000057       0x58 CMakeFiles/RelayTwoChannel.dir/home/pi/pico/pico-sdk/src/rp2_common/hardware_gpio/gpio.c.obj
 .comment       0x00000057       0x58 CMakeFiles/RelayTwoChannel.dir/home/pi/pico/pico-sdk/src/rp2_common/hardware_claim/claim.c.obj
 .comment       0x00000057       0x58 CMakeFiles/RelayTwoChannel.dir/home/pi/pico/pico-sdk/src/rp2_common/pico_platform/platform.c.obj
 .comment       0x00000057       0x58 CMakeFiles/RelayTwoChannel.dir/home/pi/pico/pico-sdk/src/rp2_common/hardware_sync/sync.c.obj
 .comment       0x00000057       0x58 CMakeFiles/RelayTwoChannel.dir/home/pi/pico/pico-sdk/src/rp2_common/hardware_uart/uart.c.obj
 .comment       0x00000057       0x58 CMakeFiles/RelayTwoChannel.dir/home/pi/pico/pico-sdk/src/common/pico_time/time.c.obj
 .comment       0x00000057       0x58 CMakeFiles/RelayTwoChannel.dir/home/pi/pico/pico-sdk/src/rp2_common/hardware_timer/timer.c.obj
 .comment       0x00000057       0x58 CMakeFiles/RelayTwoChannel.dir/home/pi/pico/pico-sdk/src/common/pico_sync/lock_core.c.obj
 .comment       0x00000057       0x58 CMakeFiles/RelayTwoChannel.dir/home/pi/pico/pico-sdk/src/common/pico_sync/mutex.c.obj
 .comment       0x00000057       0x58 CMakeFiles/RelayTwoChannel.dir/home/pi/pico/pico-sdk/src/common/pico_util/pheap.c.obj
 .comment       0x00000057       0x58 CMakeFiles/RelayTwoChannel.dir/home/pi/pico/pico-sdk/src/rp2_common/pico_runtime/runtime.c.obj
 .comment       0x00000057       0x58 CMakeFiles/RelayTwoChannel.dir/home/pi/pico/pico-sdk/src/rp2_common/hardware_clocks/clocks.c.obj
 .comment       0x00000057       0x58 CMakeFiles/RelayTwoChannel.dir/home/pi/pico/pico-sdk/src/rp2_common/hardware_irq/irq.c.obj
 .comment       0x00000057       0x58 CMakeFiles/RelayTwoChannel.dir/home/pi/pico/pico-sdk/src/rp2_common/hardware_pll/pll.c.obj
 .comment       0x00000057       0x58 CMakeFiles/RelayTwoChannel.dir/home/pi/pico/pico-sdk/src/rp2_common/hardware_watchdog/watchdog.c.obj
 .comment       0x00000057       0x58 CMakeFiles/RelayTwoChannel.dir/home/pi/pico/pico-sdk/src/rp2_common/hardware_xosc/xosc.c.obj
 .comment       0x00000057       0x58 CMakeFiles/RelayTwoChannel.dir/home/pi/pico/pico-sdk/src/rp2_common/pico_printf/printf.c.obj
 .comment       0x00000057       0x58 CMakeFiles/RelayTwoChannel.dir/home/pi/pico/pico-sdk/src/rp2_common/pico_bootrom/bootrom.c.obj
 .comment       0x00000057       0x58 CMakeFiles/RelayTwoChannel.dir/home/pi/pico/pico-sdk/src/rp2_common/pico_double/double_init_rom.c.obj
 .comment       0x00000057       0x58 CMakeFiles/RelayTwoChannel.dir/home/pi/pico/pico-sdk/src/rp2_common/pico_float/float_init_rom.c.obj
 .comment       0x00000057       0x58 CMakeFiles/RelayTwoChannel.dir/home/pi/pico/pico-sdk/src/rp2_common/pico_standard_link/binary_info.c.obj
 .comment       0x00000057       0x58 CMakeFiles/RelayTwoChannel.dir/home/pi/pico/pico-sdk/src/rp2_common/pico_stdio/stdio.c.obj
 .comment       0x00000057       0x58 CMakeFiles/RelayTwoChannel.dir/home/pi/pico/pico-sdk/src/rp2_common/pico_stdio_uart/stdio_uart.c.obj
 .comment       0x00000057       0x57 /usr/lib/gcc/arm-none-eabi/7.3.1/../../../arm-none-eabi/lib/thumb/v6-m/libg.a(lib_a-strlen-stub.o)
                                 0x58 (size before relaxing)
 .comment       0x000000ae       0x58 /usr/lib/gcc/arm-none-eabi/7.3.1/thumb/v6-m/crtend.o

.debug_info     0x00000000    0x15615
 .debug_info    0x00000000      0xf46 CMakeFiles/RelayTwoChannel.dir/RelayTwoChannel.c.obj
 .debug_info    0x00000f46     0x1169 CMakeFiles/RelayTwoChannel.dir/home/pi/pico/pico-sdk/src/rp2_common/hardware_gpio/gpio.c.obj
 .debug_info    0x000020af      0x5d7 CMakeFiles/RelayTwoChannel.dir/home/pi/pico/pico-sdk/src/rp2_common/hardware_claim/claim.c.obj
 .debug_info    0x00002686      0x1c6 CMakeFiles/RelayTwoChannel.dir/home/pi/pico/pico-sdk/src/rp2_common/pico_platform/platform.c.obj
 .debug_info    0x0000284c      0x508 CMakeFiles/RelayTwoChannel.dir/home/pi/pico/pico-sdk/src/rp2_common/hardware_sync/sync.c.obj
 .debug_info    0x00002d54      0xa10 CMakeFiles/RelayTwoChannel.dir/home/pi/pico/pico-sdk/src/rp2_common/hardware_uart/uart.c.obj
 .debug_info    0x00003764     0x3a95 CMakeFiles/RelayTwoChannel.dir/home/pi/pico/pico-sdk/src/common/pico_time/time.c.obj
 .debug_info    0x000071f9      0xe5f CMakeFiles/RelayTwoChannel.dir/home/pi/pico/pico-sdk/src/rp2_common/hardware_timer/timer.c.obj
 .debug_info    0x00008058      0x1e8 CMakeFiles/RelayTwoChannel.dir/home/pi/pico/pico-sdk/src/common/pico_sync/lock_core.c.obj
 .debug_info    0x00008240     0x108d CMakeFiles/RelayTwoChannel.dir/home/pi/pico/pico-sdk/src/common/pico_sync/mutex.c.obj
 .debug_info    0x000092cd     0x1842 CMakeFiles/RelayTwoChannel.dir/home/pi/pico/pico-sdk/src/common/pico_util/pheap.c.obj
 .debug_info    0x0000ab0f     0x1111 CMakeFiles/RelayTwoChannel.dir/home/pi/pico/pico-sdk/src/rp2_common/pico_runtime/runtime.c.obj
 .debug_info    0x0000bc20      0xd65 CMakeFiles/RelayTwoChannel.dir/home/pi/pico/pico-sdk/src/rp2_common/hardware_clocks/clocks.c.obj
 .debug_info    0x0000c985     0x15bd CMakeFiles/RelayTwoChannel.dir/home/pi/pico/pico-sdk/src/rp2_common/hardware_irq/irq.c.obj
 .debug_info    0x0000df42       0x26 CMakeFiles/RelayTwoChannel.dir/home/pi/pico/pico-sdk/src/rp2_common/hardware_irq/irq_handler_chain.S.obj
 .debug_info    0x0000df68      0x453 CMakeFiles/RelayTwoChannel.dir/home/pi/pico/pico-sdk/src/rp2_common/hardware_pll/pll.c.obj
 .debug_info    0x0000e3bb      0xc21 CMakeFiles/RelayTwoChannel.dir/home/pi/pico/pico-sdk/src/rp2_common/hardware_watchdog/watchdog.c.obj
 .debug_info    0x0000efdc      0x1b7 CMakeFiles/RelayTwoChannel.dir/home/pi/pico/pico-sdk/src/rp2_common/hardware_xosc/xosc.c.obj
 .debug_info    0x0000f193     0x1d4b CMakeFiles/RelayTwoChannel.dir/home/pi/pico/pico-sdk/src/rp2_common/pico_printf/printf.c.obj
 .debug_info    0x00010ede       0x22 CMakeFiles/RelayTwoChannel.dir/home/pi/pico/pico-sdk/src/rp2_common/pico_bit_ops/bit_ops_aeabi.S.obj
 .debug_info    0x00010f00      0x1f5 CMakeFiles/RelayTwoChannel.dir/home/pi/pico/pico-sdk/src/rp2_common/pico_bootrom/bootrom.c.obj
 .debug_info    0x000110f5       0x22 CMakeFiles/RelayTwoChannel.dir/home/pi/pico/pico-sdk/src/rp2_common/pico_divider/divider.S.obj
 .debug_info    0x00011117       0x22 CMakeFiles/RelayTwoChannel.dir/home/pi/pico/pico-sdk/src/rp2_common/pico_double/double_aeabi.S.obj
 .debug_info    0x00011139      0xa8a CMakeFiles/RelayTwoChannel.dir/home/pi/pico/pico-sdk/src/rp2_common/pico_double/double_init_rom.c.obj
 .debug_info    0x00011bc3       0x22 CMakeFiles/RelayTwoChannel.dir/home/pi/pico/pico-sdk/src/rp2_common/pico_double/double_v1_rom_shim.S.obj
 .debug_info    0x00011be5       0x26 CMakeFiles/RelayTwoChannel.dir/home/pi/pico/pico-sdk/src/rp2_common/pico_int64_ops/pico_int64_ops_aeabi.S.obj
 .debug_info    0x00011c0b       0x22 CMakeFiles/RelayTwoChannel.dir/home/pi/pico/pico-sdk/src/rp2_common/pico_float/float_aeabi.S.obj
 .debug_info    0x00011c2d      0xacc CMakeFiles/RelayTwoChannel.dir/home/pi/pico/pico-sdk/src/rp2_common/pico_float/float_init_rom.c.obj
 .debug_info    0x000126f9       0x22 CMakeFiles/RelayTwoChannel.dir/home/pi/pico/pico-sdk/src/rp2_common/pico_float/float_v1_rom_shim.S.obj
 .debug_info    0x0001271b       0x22 CMakeFiles/RelayTwoChannel.dir/home/pi/pico/pico-sdk/src/rp2_common/pico_mem_ops/mem_ops_aeabi.S.obj
 .debug_info    0x0001273d       0x22 CMakeFiles/RelayTwoChannel.dir/home/pi/pico/pico-sdk/src/rp2_common/pico_standard_link/crt0.S.obj
 .debug_info    0x0001275f      0x2fa CMakeFiles/RelayTwoChannel.dir/home/pi/pico/pico-sdk/src/rp2_common/pico_standard_link/binary_info.c.obj
 .debug_info    0x00012a59     0x179f CMakeFiles/RelayTwoChannel.dir/home/pi/pico/pico-sdk/src/rp2_common/pico_stdio/stdio.c.obj
 .debug_info    0x000141f8      0xb15 CMakeFiles/RelayTwoChannel.dir/home/pi/pico/pico-sdk/src/rp2_common/pico_stdio_uart/stdio_uart.c.obj
 .debug_info    0x00014d0d       0x26 /usr/lib/gcc/arm-none-eabi/7.3.1/thumb/v6-m/libgcc.a(_dvmd_tls.o)
 .debug_info    0x00014d33      0x8e2 /usr/lib/gcc/arm-none-eabi/7.3.1/../../../arm-none-eabi/lib/thumb/v6-m/libg.a(lib_a-strlen-stub.o)

.debug_abbrev   0x00000000     0x421f
 .debug_abbrev  0x00000000      0x29b CMakeFiles/RelayTwoChannel.dir/RelayTwoChannel.c.obj
 .debug_abbrev  0x0000029b      0x287 CMakeFiles/RelayTwoChannel.dir/home/pi/pico/pico-sdk/src/rp2_common/hardware_gpio/gpio.c.obj
 .debug_abbrev  0x00000522      0x254 CMakeFiles/RelayTwoChannel.dir/home/pi/pico/pico-sdk/src/rp2_common/hardware_claim/claim.c.obj
 .debug_abbrev  0x00000776       0xde CMakeFiles/RelayTwoChannel.dir/home/pi/pico/pico-sdk/src/rp2_common/pico_platform/platform.c.obj
 .debug_abbrev  0x00000854      0x1e8 CMakeFiles/RelayTwoChannel.dir/home/pi/pico/pico-sdk/src/rp2_common/hardware_sync/sync.c.obj
 .debug_abbrev  0x00000a3c      0x29c CMakeFiles/RelayTwoChannel.dir/home/pi/pico/pico-sdk/src/rp2_common/hardware_uart/uart.c.obj
 .debug_abbrev  0x00000cd8      0x57c CMakeFiles/RelayTwoChannel.dir/home/pi/pico/pico-sdk/src/common/pico_time/time.c.obj
 .debug_abbrev  0x00001254      0x300 CMakeFiles/RelayTwoChannel.dir/home/pi/pico/pico-sdk/src/rp2_common/hardware_timer/timer.c.obj
 .debug_abbrev  0x00001554      0x12d CMakeFiles/RelayTwoChannel.dir/home/pi/pico/pico-sdk/src/common/pico_sync/lock_core.c.obj
 .debug_abbrev  0x00001681      0x329 CMakeFiles/RelayTwoChannel.dir/home/pi/pico/pico-sdk/src/common/pico_sync/mutex.c.obj
 .debug_abbrev  0x000019aa      0x376 CMakeFiles/RelayTwoChannel.dir/home/pi/pico/pico-sdk/src/common/pico_util/pheap.c.obj
 .debug_abbrev  0x00001d20      0x3d5 CMakeFiles/RelayTwoChannel.dir/home/pi/pico/pico-sdk/src/rp2_common/pico_runtime/runtime.c.obj
 .debug_abbrev  0x000020f5      0x330 CMakeFiles/RelayTwoChannel.dir/home/pi/pico/pico-sdk/src/rp2_common/hardware_clocks/clocks.c.obj
 .debug_abbrev  0x00002425      0x3dc CMakeFiles/RelayTwoChannel.dir/home/pi/pico/pico-sdk/src/rp2_common/hardware_irq/irq.c.obj
 .debug_abbrev  0x00002801       0x14 CMakeFiles/RelayTwoChannel.dir/home/pi/pico/pico-sdk/src/rp2_common/hardware_irq/irq_handler_chain.S.obj
 .debug_abbrev  0x00002815      0x1a0 CMakeFiles/RelayTwoChannel.dir/home/pi/pico/pico-sdk/src/rp2_common/hardware_pll/pll.c.obj
 .debug_abbrev  0x000029b5      0x27f CMakeFiles/RelayTwoChannel.dir/home/pi/pico/pico-sdk/src/rp2_common/hardware_watchdog/watchdog.c.obj
 .debug_abbrev  0x00002c34       0xec CMakeFiles/RelayTwoChannel.dir/home/pi/pico/pico-sdk/src/rp2_common/hardware_xosc/xosc.c.obj
 .debug_abbrev  0x00002d20      0x402 CMakeFiles/RelayTwoChannel.dir/home/pi/pico/pico-sdk/src/rp2_common/pico_printf/printf.c.obj
 .debug_abbrev  0x00003122       0x12 CMakeFiles/RelayTwoChannel.dir/home/pi/pico/pico-sdk/src/rp2_common/pico_bit_ops/bit_ops_aeabi.S.obj
 .debug_abbrev  0x00003134       0xe3 CMakeFiles/RelayTwoChannel.dir/home/pi/pico/pico-sdk/src/rp2_common/pico_bootrom/bootrom.c.obj
 .debug_abbrev  0x00003217       0x12 CMakeFiles/RelayTwoChannel.dir/home/pi/pico/pico-sdk/src/rp2_common/pico_divider/divider.S.obj
 .debug_abbrev  0x00003229       0x12 CMakeFiles/RelayTwoChannel.dir/home/pi/pico/pico-sdk/src/rp2_common/pico_double/double_aeabi.S.obj
 .debug_abbrev  0x0000323b      0x267 CMakeFiles/RelayTwoChannel.dir/home/pi/pico/pico-sdk/src/rp2_common/pico_double/double_init_rom.c.obj
 .debug_abbrev  0x000034a2       0x12 CMakeFiles/RelayTwoChannel.dir/home/pi/pico/pico-sdk/src/rp2_common/pico_double/double_v1_rom_shim.S.obj
 .debug_abbrev  0x000034b4       0x14 CMakeFiles/RelayTwoChannel.dir/home/pi/pico/pico-sdk/src/rp2_common/pico_int64_ops/pico_int64_ops_aeabi.S.obj
 .debug_abbrev  0x000034c8       0x12 CMakeFiles/RelayTwoChannel.dir/home/pi/pico/pico-sdk/src/rp2_common/pico_float/float_aeabi.S.obj
 .debug_abbrev  0x000034da      0x281 CMakeFiles/RelayTwoChannel.dir/home/pi/pico/pico-sdk/src/rp2_common/pico_float/float_init_rom.c.obj
 .debug_abbrev  0x0000375b       0x12 CMakeFiles/RelayTwoChannel.dir/home/pi/pico/pico-sdk/src/rp2_common/pico_float/float_v1_rom_shim.S.obj
 .debug_abbrev  0x0000376d       0x12 CMakeFiles/RelayTwoChannel.dir/home/pi/pico/pico-sdk/src/rp2_common/pico_mem_ops/mem_ops_aeabi.S.obj
 .debug_abbrev  0x0000377f       0x12 CMakeFiles/RelayTwoChannel.dir/home/pi/pico/pico-sdk/src/rp2_common/pico_standard_link/crt0.S.obj
 .debug_abbrev  0x00003791       0x9f CMakeFiles/RelayTwoChannel.dir/home/pi/pico/pico-sdk/src/rp2_common/pico_standard_link/binary_info.c.obj
 .debug_abbrev  0x00003830      0x4b6 CMakeFiles/RelayTwoChannel.dir/home/pi/pico/pico-sdk/src/rp2_common/pico_stdio/stdio.c.obj
 .debug_abbrev  0x00003ce6      0x36d CMakeFiles/RelayTwoChannel.dir/home/pi/pico/pico-sdk/src/rp2_common/pico_stdio_uart/stdio_uart.c.obj
 .debug_abbrev  0x00004053       0x14 /usr/lib/gcc/arm-none-eabi/7.3.1/thumb/v6-m/libgcc.a(_dvmd_tls.o)
 .debug_abbrev  0x00004067      0x1b8 /usr/lib/gcc/arm-none-eabi/7.3.1/../../../arm-none-eabi/lib/thumb/v6-m/libg.a(lib_a-strlen-stub.o)

.debug_loc      0x00000000     0x9ffc
 .debug_loc     0x00000000      0x16e CMakeFiles/RelayTwoChannel.dir/RelayTwoChannel.c.obj
 .debug_loc     0x0000016e      0xd1a CMakeFiles/RelayTwoChannel.dir/home/pi/pico/pico-sdk/src/rp2_common/hardware_gpio/gpio.c.obj
 .debug_loc     0x00000e88      0x371 CMakeFiles/RelayTwoChannel.dir/home/pi/pico/pico-sdk/src/rp2_common/hardware_claim/claim.c.obj
 .debug_loc     0x000011f9       0xcf CMakeFiles/RelayTwoChannel.dir/home/pi/pico/pico-sdk/src/rp2_common/pico_platform/platform.c.obj
 .debug_loc     0x000012c8      0x196 CMakeFiles/RelayTwoChannel.dir/home/pi/pico/pico-sdk/src/rp2_common/hardware_sync/sync.c.obj
 .debug_loc     0x0000145e      0x457 CMakeFiles/RelayTwoChannel.dir/home/pi/pico/pico-sdk/src/rp2_common/hardware_uart/uart.c.obj
 .debug_loc     0x000018b5     0x2365 CMakeFiles/RelayTwoChannel.dir/home/pi/pico/pico-sdk/src/common/pico_time/time.c.obj
 .debug_loc     0x00003c1a      0x59d CMakeFiles/RelayTwoChannel.dir/home/pi/pico/pico-sdk/src/rp2_common/hardware_timer/timer.c.obj
 .debug_loc     0x000041b7       0x56 CMakeFiles/RelayTwoChannel.dir/home/pi/pico/pico-sdk/src/common/pico_sync/lock_core.c.obj
 .debug_loc     0x0000420d      0x966 CMakeFiles/RelayTwoChannel.dir/home/pi/pico/pico-sdk/src/common/pico_sync/mutex.c.obj
 .debug_loc     0x00004b73      0xfd7 CMakeFiles/RelayTwoChannel.dir/home/pi/pico/pico-sdk/src/common/pico_util/pheap.c.obj
 .debug_loc     0x00005b4a      0x2bd CMakeFiles/RelayTwoChannel.dir/home/pi/pico/pico-sdk/src/rp2_common/pico_runtime/runtime.c.obj
 .debug_loc     0x00005e07      0x66e CMakeFiles/RelayTwoChannel.dir/home/pi/pico/pico-sdk/src/rp2_common/hardware_clocks/clocks.c.obj
 .debug_loc     0x00006475      0xba7 CMakeFiles/RelayTwoChannel.dir/home/pi/pico/pico-sdk/src/rp2_common/hardware_irq/irq.c.obj
 .debug_loc     0x0000701c      0x28f CMakeFiles/RelayTwoChannel.dir/home/pi/pico/pico-sdk/src/rp2_common/hardware_pll/pll.c.obj
 .debug_loc     0x000072ab      0x221 CMakeFiles/RelayTwoChannel.dir/home/pi/pico/pico-sdk/src/rp2_common/hardware_watchdog/watchdog.c.obj
 .debug_loc     0x000074cc       0x35 CMakeFiles/RelayTwoChannel.dir/home/pi/pico/pico-sdk/src/rp2_common/hardware_xosc/xosc.c.obj
 .debug_loc     0x00007501     0x1b4a CMakeFiles/RelayTwoChannel.dir/home/pi/pico/pico-sdk/src/rp2_common/pico_printf/printf.c.obj
 .debug_loc     0x0000904b      0x145 CMakeFiles/RelayTwoChannel.dir/home/pi/pico/pico-sdk/src/rp2_common/pico_bootrom/bootrom.c.obj
 .debug_loc     0x00009190       0x4f CMakeFiles/RelayTwoChannel.dir/home/pi/pico/pico-sdk/src/rp2_common/pico_double/double_init_rom.c.obj
 .debug_loc     0x000091df       0x65 CMakeFiles/RelayTwoChannel.dir/home/pi/pico/pico-sdk/src/rp2_common/pico_float/float_init_rom.c.obj
 .debug_loc     0x00009244      0x8e0 CMakeFiles/RelayTwoChannel.dir/home/pi/pico/pico-sdk/src/rp2_common/pico_stdio/stdio.c.obj
 .debug_loc     0x00009b24      0x444 CMakeFiles/RelayTwoChannel.dir/home/pi/pico/pico-sdk/src/rp2_common/pico_stdio_uart/stdio_uart.c.obj
 .debug_loc     0x00009f68       0x94 /usr/lib/gcc/arm-none-eabi/7.3.1/../../../arm-none-eabi/lib/thumb/v6-m/libg.a(lib_a-strlen-stub.o)

.debug_aranges  0x00000000      0xd70
 .debug_aranges
                0x00000000       0x20 CMakeFiles/RelayTwoChannel.dir/RelayTwoChannel.c.obj
 .debug_aranges
                0x00000020       0xd8 CMakeFiles/RelayTwoChannel.dir/home/pi/pico/pico-sdk/src/rp2_common/hardware_gpio/gpio.c.obj
 .debug_aranges
                0x000000f8       0x48 CMakeFiles/RelayTwoChannel.dir/home/pi/pico/pico-sdk/src/rp2_common/hardware_claim/claim.c.obj
 .debug_aranges
                0x00000140       0x28 CMakeFiles/RelayTwoChannel.dir/home/pi/pico/pico-sdk/src/rp2_common/pico_platform/platform.c.obj
 .debug_aranges
                0x00000168       0x58 CMakeFiles/RelayTwoChannel.dir/home/pi/pico/pico-sdk/src/rp2_common/hardware_sync/sync.c.obj
 .debug_aranges
                0x000001c0       0x40 CMakeFiles/RelayTwoChannel.dir/home/pi/pico/pico-sdk/src/rp2_common/hardware_uart/uart.c.obj
 .debug_aranges
                0x00000200       0xd0 CMakeFiles/RelayTwoChannel.dir/home/pi/pico/pico-sdk/src/common/pico_time/time.c.obj
 .debug_aranges
                0x000002d0       0x78 CMakeFiles/RelayTwoChannel.dir/home/pi/pico/pico-sdk/src/rp2_common/hardware_timer/timer.c.obj
 .debug_aranges
                0x00000348       0x20 CMakeFiles/RelayTwoChannel.dir/home/pi/pico/pico-sdk/src/common/pico_sync/lock_core.c.obj
 .debug_aranges
                0x00000368       0x60 CMakeFiles/RelayTwoChannel.dir/home/pi/pico/pico-sdk/src/common/pico_sync/mutex.c.obj
 .debug_aranges
                0x000003c8       0x78 CMakeFiles/RelayTwoChannel.dir/home/pi/pico/pico-sdk/src/common/pico_util/pheap.c.obj
 .debug_aranges
                0x00000440       0x60 CMakeFiles/RelayTwoChannel.dir/home/pi/pico/pico-sdk/src/rp2_common/pico_runtime/runtime.c.obj
 .debug_aranges
                0x000004a0       0x70 CMakeFiles/RelayTwoChannel.dir/home/pi/pico/pico-sdk/src/rp2_common/hardware_clocks/clocks.c.obj
 .debug_aranges
                0x00000510       0x90 CMakeFiles/RelayTwoChannel.dir/home/pi/pico/pico-sdk/src/rp2_common/hardware_irq/irq.c.obj
 .debug_aranges
                0x000005a0       0x20 CMakeFiles/RelayTwoChannel.dir/home/pi/pico/pico-sdk/src/rp2_common/hardware_irq/irq_handler_chain.S.obj
 .debug_aranges
                0x000005c0       0x28 CMakeFiles/RelayTwoChannel.dir/home/pi/pico/pico-sdk/src/rp2_common/hardware_pll/pll.c.obj
 .debug_aranges
                0x000005e8       0x50 CMakeFiles/RelayTwoChannel.dir/home/pi/pico/pico-sdk/src/rp2_common/hardware_watchdog/watchdog.c.obj
 .debug_aranges
                0x00000638       0x30 CMakeFiles/RelayTwoChannel.dir/home/pi/pico/pico-sdk/src/rp2_common/hardware_xosc/xosc.c.obj
 .debug_aranges
                0x00000668       0x90 CMakeFiles/RelayTwoChannel.dir/home/pi/pico/pico-sdk/src/rp2_common/pico_printf/printf.c.obj
 .debug_aranges
                0x000006f8       0x68 CMakeFiles/RelayTwoChannel.dir/home/pi/pico/pico-sdk/src/rp2_common/pico_bit_ops/bit_ops_aeabi.S.obj
 .debug_aranges
                0x00000760       0x30 CMakeFiles/RelayTwoChannel.dir/home/pi/pico/pico-sdk/src/rp2_common/pico_bootrom/bootrom.c.obj
 .debug_aranges
                0x00000790       0x40 CMakeFiles/RelayTwoChannel.dir/home/pi/pico/pico-sdk/src/rp2_common/pico_divider/divider.S.obj
 .debug_aranges
                0x000007d0      0x140 CMakeFiles/RelayTwoChannel.dir/home/pi/pico/pico-sdk/src/rp2_common/pico_double/double_aeabi.S.obj
 .debug_aranges
                0x00000910       0x20 CMakeFiles/RelayTwoChannel.dir/home/pi/pico/pico-sdk/src/rp2_common/pico_double/double_init_rom.c.obj
 .debug_aranges
                0x00000930       0xc8 CMakeFiles/RelayTwoChannel.dir/home/pi/pico/pico-sdk/src/rp2_common/pico_double/double_v1_rom_shim.S.obj
 .debug_aranges
                0x000009f8       0x20 CMakeFiles/RelayTwoChannel.dir/home/pi/pico/pico-sdk/src/rp2_common/pico_int64_ops/pico_int64_ops_aeabi.S.obj
 .debug_aranges
                0x00000a18      0x130 CMakeFiles/RelayTwoChannel.dir/home/pi/pico/pico-sdk/src/rp2_common/pico_float/float_aeabi.S.obj
 .debug_aranges
                0x00000b48       0x20 CMakeFiles/RelayTwoChannel.dir/home/pi/pico/pico-sdk/src/rp2_common/pico_float/float_init_rom.c.obj
 .debug_aranges
                0x00000b68       0x50 CMakeFiles/RelayTwoChannel.dir/home/pi/pico/pico-sdk/src/rp2_common/pico_float/float_v1_rom_shim.S.obj
 .debug_aranges
                0x00000bb8       0x38 CMakeFiles/RelayTwoChannel.dir/home/pi/pico/pico-sdk/src/rp2_common/pico_mem_ops/mem_ops_aeabi.S.obj
 .debug_aranges
                0x00000bf0       0x28 CMakeFiles/RelayTwoChannel.dir/home/pi/pico/pico-sdk/src/rp2_common/pico_standard_link/crt0.S.obj
 .debug_aranges
                0x00000c18       0x18 CMakeFiles/RelayTwoChannel.dir/home/pi/pico/pico-sdk/src/rp2_common/pico_standard_link/binary_info.c.obj
 .debug_aranges
                0x00000c30       0xb8 CMakeFiles/RelayTwoChannel.dir/home/pi/pico/pico-sdk/src/rp2_common/pico_stdio/stdio.c.obj
 .debug_aranges
                0x00000ce8       0x48 CMakeFiles/RelayTwoChannel.dir/home/pi/pico/pico-sdk/src/rp2_common/pico_stdio_uart/stdio_uart.c.obj
 .debug_aranges
                0x00000d30       0x20 /usr/lib/gcc/arm-none-eabi/7.3.1/thumb/v6-m/libgcc.a(_dvmd_tls.o)
 .debug_aranges
                0x00000d50       0x20 /usr/lib/gcc/arm-none-eabi/7.3.1/../../../arm-none-eabi/lib/thumb/v6-m/libg.a(lib_a-strlen-stub.o)

.debug_ranges   0x00000000     0x1708
 .debug_ranges  0x00000000       0x10 CMakeFiles/RelayTwoChannel.dir/RelayTwoChannel.c.obj
 .debug_ranges  0x00000010       0xe0 CMakeFiles/RelayTwoChannel.dir/home/pi/pico/pico-sdk/src/rp2_common/hardware_gpio/gpio.c.obj
 .debug_ranges  0x000000f0       0x38 CMakeFiles/RelayTwoChannel.dir/home/pi/pico/pico-sdk/src/rp2_common/hardware_claim/claim.c.obj
 .debug_ranges  0x00000128       0x18 CMakeFiles/RelayTwoChannel.dir/home/pi/pico/pico-sdk/src/rp2_common/pico_platform/platform.c.obj
 .debug_ranges  0x00000140       0x48 CMakeFiles/RelayTwoChannel.dir/home/pi/pico/pico-sdk/src/rp2_common/hardware_sync/sync.c.obj
 .debug_ranges  0x00000188       0x60 CMakeFiles/RelayTwoChannel.dir/home/pi/pico/pico-sdk/src/rp2_common/hardware_uart/uart.c.obj
 .debug_ranges  0x000001e8      0x648 CMakeFiles/RelayTwoChannel.dir/home/pi/pico/pico-sdk/src/common/pico_time/time.c.obj
 .debug_ranges  0x00000830       0x98 CMakeFiles/RelayTwoChannel.dir/home/pi/pico/pico-sdk/src/rp2_common/hardware_timer/timer.c.obj
 .debug_ranges  0x000008c8       0x10 CMakeFiles/RelayTwoChannel.dir/home/pi/pico/pico-sdk/src/common/pico_sync/lock_core.c.obj
 .debug_ranges  0x000008d8      0x158 CMakeFiles/RelayTwoChannel.dir/home/pi/pico/pico-sdk/src/common/pico_sync/mutex.c.obj
 .debug_ranges  0x00000a30      0x248 CMakeFiles/RelayTwoChannel.dir/home/pi/pico/pico-sdk/src/common/pico_util/pheap.c.obj
 .debug_ranges  0x00000c78       0x50 CMakeFiles/RelayTwoChannel.dir/home/pi/pico/pico-sdk/src/rp2_common/pico_runtime/runtime.c.obj
 .debug_ranges  0x00000cc8       0x60 CMakeFiles/RelayTwoChannel.dir/home/pi/pico/pico-sdk/src/rp2_common/hardware_clocks/clocks.c.obj
 .debug_ranges  0x00000d28      0x140 CMakeFiles/RelayTwoChannel.dir/home/pi/pico/pico-sdk/src/rp2_common/hardware_irq/irq.c.obj
 .debug_ranges  0x00000e68       0x18 CMakeFiles/RelayTwoChannel.dir/home/pi/pico/pico-sdk/src/rp2_common/hardware_pll/pll.c.obj